== client ==
To honour the JVM settings for this build a single-use Daemon process will be forked. For more on this, please refer to https://docs.gradle.org/9.7.1/userguide/gradle_daemon.html#sec:disabling_the_daemon in the Gradle documentation.
Daemon will be stopped at the end of the build 

> Configure project :
Fabric Loom: 1.18.2

> Task :compileJava UP-TO-DATE
> Task :bundleShaders UP-TO-DATE
> Task :processResources UP-TO-DATE
> Task :classes UP-TO-DATE

> Task :compileClientJava
/home/runner/work/dddddd/dddddd/fabric-mod/src/client/java/dev/logan/entersift/SiftClient.java:47: error: cannot find symbol
        SiftCapture.register(); // 0.23 headless CI capture robot (only active with ENTERSIFT_CAPTURE_DIR)
        ^
  symbol:   variable SiftCapture
  location: class SiftClient
Note: /home/runner/work/dddddd/dddddd/fabric-mod/src/client/java/dev/logan/entersift/SiftClient.java uses or overrides a deprecated API.
Note: Recompile with -Xlint:deprecation for details.
1 error

> Task :compileClientJava FAILED
gradle/actions: Writing build results to /home/runner/work/_temp/.gradle-actions/build-results/__run_2-1791126691246.json

[Incubating] Problems report is available at: file:///home/runner/work/dddddd/dddddd/fabric-mod/build/reports/problems/problems-report.html

FAILURE: Build failed with an exception.

* What went wrong:
Execution failed for task ':compileClientJava' (registered by plugin class 'org.gradle.api.plugins.JavaBasePlugin').
> Compilation failed; see the compiler output below.
  Note: /home/runner/work/dddddd/dddddd/fabric-mod/src/client/java/dev/logan/entersift/SiftClient.java uses or overrides a deprecated API.
  Note: Recompile with -Xlint:deprecation for details.
  /home/runner/work/dddddd/dddddd/fabric-mod/src/client/java/dev/logan/entersift/SiftClient.java:47: error: cannot find symbol
          SiftCapture.register(); // 0.23 headless CI capture robot (only active with ENTERSIFT_CAPTURE_DIR)
          ^
    symbol:   variable SiftCapture
    location: class SiftClient
  1 error

* Try:
> Check your code and dependencies to fix the compilation error(s)
> Run with --scan to get full insights from a Build Scan (powered by Develocity).

BUILD FAILED in 15s
4 actionable tasks: 1 executed, 3 up-to-date
== server ==
	- fabric-transitive-access-wideners-v1 8.1.16+52268a0e5d
	- fabricloader 0.19.5
	- java 25
	- minecraft 26.3
	- mixinextras 0.5.5
[15:11:10] [main/INFO] (FabricLoader/Mixin) SpongePowered MIXIN Subsystem Version=0.8.7 Source=file:/home/runner/.gradle/caches/modules-2/files-2.1/net.fabricmc/sponge-mixin/0.17.4+mixin.0.8.7/5f66cc9f59b8efaa942155a3d5a30599bf6640dd/sponge-mixin-0.17.4+mixin.0.8.7.jar Service=Knot/Fabric Env=SERVER
[15:11:11] [main/INFO] (FabricLoader/MixinExtras|Service) Initializing MixinExtras via com.llamalad7.mixinextras.service.MixinExtrasServiceImpl(version=0.5.5).
[15:11:18] [main/INFO] (entersift) Enter the Sift: eight notes, one threshold.
[15:11:18] [main/INFO] (Minecraft) Environment: Environment[discoveryUrl=https://discovery.minecraftservices.com/minecraft/client, name=PROD]
[15:11:20] [Worker-Main-3/INFO] (Minecraft) No existing world data, creating new world
[15:11:20] [Worker-Main-3/ERROR] (Minecraft) No key layers in MapLike[{}]
[15:11:20] [Worker-Main-2/INFO] (Minecraft) Loaded 1875 advancements
[15:11:21] [main/INFO] (BiomeModificationImpl) Applied 44 biome modifications to 18 of 79 new biomes in 9.223 ms
[15:11:21] [Server thread/INFO] (Minecraft) Starting minecraft server version 26.3
[15:11:21] [Server thread/INFO] (Minecraft) Loading properties
[15:11:21] [Server thread/INFO] (Minecraft) Default game type: SURVIVAL
[15:11:21] [Server thread/INFO] (Minecraft) Generating keypair
[15:11:21] [Server thread/INFO] (Minecraft) Starting Minecraft server on *:25565
[15:11:21] [Server thread/WARN] (Minecraft) **** SERVER IS RUNNING IN OFFLINE/INSECURE MODE!
[15:11:21] [Server thread/WARN] (Minecraft) The server will make no attempt to authenticate usernames. Beware.
[15:11:21] [Server thread/WARN] (Minecraft) While this makes the game possible to play without internet access, it also opens up the ability for hackers to connect with any username they choose.
[15:11:21] [Server thread/WARN] (Minecraft) To change this, set "online-mode" to "true" in the server.properties file.
[15:11:21] [Server thread/INFO] (Minecraft) Preparing level "world"
[15:11:21] [Server thread/INFO] (Minecraft) Selecting global world spawn...
[15:11:22] [Server thread/INFO] (Minecraft) Loading 0 persistent chunks...
[15:11:22] [Server thread/INFO] (Minecraft) Preparing spawn area: 100%
[15:11:22] [Server thread/INFO] (Minecraft) Time elapsed: 534 ms
[15:11:22] [Server thread/INFO] (Minecraft) Done (0.687s)! For help, type "help"
[15:11:22] [Server thread/INFO] (Minecraft) Starting remote control listener
[15:11:22] [Server thread/INFO] (Minecraft) Thread RCON Listener started
[15:11:22] [Server thread/INFO] (Minecraft) RCON running on 0.0.0.0:25575
[15:11:22] [Server thread/INFO] (Minecraft) Saving chunks for level 'ServerLevel[world]'/minecraft:overworld
[15:11:22] [Server thread/INFO] (Minecraft) Saving chunks for level 'ServerLevel[world]'/minecraft:the_nether
[15:11:22] [Server thread/INFO] (Minecraft) Saving chunks for level 'ServerLevel[world]'/entersift:the_sift
[15:11:22] [Server thread/INFO] (Minecraft) Saving chunks for level 'ServerLevel[world]'/minecraft:the_end
[15:11:22] [Server thread/INFO] (Minecraft) Saving chunks for level 'ServerLevel[world]'/entersift:rift_tunnel
[15:11:22] [RCON Listener #1/INFO] (Minecraft) Thread RCON Client /127.0.0.1 started
[15:11:28] [Server thread/WARN] (Minecraft) Can't keep up! Is the server overloaded? Running 6407ms or 128 ticks behind
[15:12:28] [Server thread/INFO] (Minecraft) Server empty for 60 seconds, pausing
[15:18:24] [RCON Client /127.0.0.1 #2/INFO] (Minecraft) Thread RCON Client /127.0.0.1 shutting down
== xvfb ==
> Warning:          Could not resolve keysym XF86NavChart
> Warning:          Could not resolve keysym XF86FishingChart
> Warning:          Could not resolve keysym XF86SingleRangeRadar
> Warning:          Could not resolve keysym XF86DualRangeRadar
> Warning:          Could not resolve keysym XF86RadarOverlay
> Warning:          Could not resolve keysym XF86TraditionalSonar
> Warning:          Could not resolve keysym XF86ClearvuSonar
> Warning:          Could not resolve keysym XF86SidevuSonar
> Warning:          Could not resolve keysym XF86NavInfo
Errors from xkbcomp are not fatal to the X server
