[capture] rcon up
[capture] client gradle started: {'SDL_VIDEODRIVER': 'x11', 'SDL_VIDEO_X11_FORCE_EGL': '1'}
[capture] list -> There are 0 of a max of 20 players online:
[capture] list -> There are 0 of a max of 20 players online:
[capture] list -> There are 0 of a max of 20 players online:
[capture] list -> There are 0 of a max of 20 players online:
[capture] list -> There are 0 of a max of 20 players online:
[capture] list -> There are 0 of a max of 20 players online:
[capture] list -> There are 0 of a max of 20 players online:
[capture] list -> There are 0 of a max of 20 players online:
[capture] list -> There are 0 of a max of 20 players online:
[capture] list -> There are 0 of a max of 20 players online:
[capture] list -> There are 0 of a max of 20 players online:
[capture] list -> There are 0 of a max of 20 players online:
[capture] list -> There are 0 of a max of 20 players online:
[capture] list -> There are 0 of a max of 20 players online:
[capture] list -> There are 0 of a max of 20 players online:
[capture] list -> There are 0 of a max of 20 players online:
[capture] list -> There are 0 of a max of 20 players online:
[capture] list -> There are 0 of a max of 20 players online:
[capture] list -> There are 0 of a max of 20 players online:
[capture] list -> There are 0 of a max of 20 players online:
[capture] list -> There are 0 of a max of 20 players online:
[capture] list -> There are 0 of a max of 20 players online:
[capture] list -> There are 0 of a max of 20 players online:
[capture] list -> There are 0 of a max of 20 players online:
[capture] list -> There are 0 of a max of 20 players online:
[capture] list -> There are 0 of a max of 20 players online:
[capture] list -> There are 0 of a max of 20 players online:
[capture] list -> There are 0 of a max of 20 players online:
[capture] list -> There are 0 of a max of 20 players online:
[capture] list -> There are 0 of a max of 20 players online:
[capture] list -> There are 0 of a max of 20 players online:
[capture] list -> There are 0 of a max of 20 players online:
[capture] list -> There are 0 of a max of 20 players online:
[capture] list -> There are 0 of a max of 20 players online:
[capture] list -> There are 0 of a max of 20 players online:
[capture] list -> There are 0 of a max of 20 players online:
[capture] list -> There are 0 of a max of 20 players online:
[capture] list -> There are 0 of a max of 20 players online:
[capture] list -> There are 0 of a max of 20 players online:
[capture] list -> There are 0 of a max of 20 players online:
[capture] list -> There are 0 of a max of 20 players online:
[capture] list -> There are 0 of a max of 20 players online:
[capture] list -> There are 0 of a max of 20 players online:
[capture] list -> There are 0 of a max of 20 players online:
[capture] list -> There are 0 of a max of 20 players online:
[capture] list -> There are 0 of a max of 20 players online:
[capture] list -> There are 0 of a max of 20 players online:
[capture] list -> There are 0 of a max of 20 players online:
[capture] list -> There are 0 of a max of 20 players online:
[capture] list -> There are 0 of a max of 20 players online:
[capture] list -> There are 0 of a max of 20 players online:
[capture] list -> There are 0 of a max of 20 players online:
[capture] list -> There are 0 of a max of 20 players online:
[capture] list -> There are 0 of a max of 20 players online:
[capture] list -> There are 0 of a max of 20 players online:
[capture] list -> There are 0 of a max of 20 players online:
[capture] list -> There are 0 of a max of 20 players online:
[capture] list -> There are 0 of a max of 20 players online:
[capture] list -> There are 0 of a max of 20 players online:
[capture] list -> There are 0 of a max of 20 players online:
[capture] list -> There are 0 of a max of 20 players online:
[capture] list -> There are 0 of a max of 20 players online:
[capture] list -> There are 0 of a max of 20 players online:
[capture] list -> There are 0 of a max of 20 players online:
[capture] list -> There are 0 of a max of 20 players online:
[capture] list -> There are 0 of a max of 20 players online:
[capture] list -> There are 0 of a max of 20 players online:
[capture] list -> There are 0 of a max of 20 players online:
[capture] list -> There are 0 of a max of 20 players online:
[capture] list -> There are 0 of a max of 20 players online:
[capture] list -> There are 0 of a max of 20 players online:
[capture] list -> There are 0 of a max of 20 players online:
[capture] list -> There are 0 of a max of 20 players online:
[capture] list -> There are 0 of a max of 20 players online:
[capture] list -> There are 0 of a max of 20 players online:
[capture] list -> There are 0 of a max of 20 players online:
[capture] list -> There are 0 of a max of 20 players online:
[capture] list -> There are 0 of a max of 20 players online:
[capture] list -> There are 0 of a max of 20 players online:
[capture] list -> There are 0 of a max of 20 players online:
[capture] list -> There are 0 of a max of 20 players online:
[capture] list -> There are 0 of a max of 20 players online:
[capture] list -> There are 0 of a max of 20 players online:
[capture] list -> There are 0 of a max of 20 players online:
[capture] list -> There are 0 of a max of 20 players online:
[capture] list -> There are 0 of a max of 20 players online:
[capture] list -> There are 0 of a max of 20 players online:
[capture] list -> There are 0 of a max of 20 players online:
[capture] list -> There are 0 of a max of 20 players online:
[capture] list -> There are 0 of a max of 20 players online:
[capture] list -> There are 0 of a max of 20 players online:
[capture] list -> There are 0 of a max of 20 players online:
[capture] list -> There are 0 of a max of 20 players online:
[capture] list -> There are 0 of a max of 20 players online:
[capture] list -> There are 0 of a max of 20 players online:
[capture] list -> There are 0 of a max of 20 players online:
[capture] list -> There are 0 of a max of 20 players online:
[capture] list -> There are 0 of a max of 20 players online:
[capture] list -> There are 0 of a max of 20 players online:
[capture] list -> There are 0 of a max of 20 players online:
[capture] list -> There are 0 of a max of 20 players online:
[capture] list -> There are 0 of a max of 20 players online:
[capture] list -> There are 0 of a max of 20 players online:
[capture] list -> There are 0 of a max of 20 players online:
[capture] list -> There are 0 of a max of 20 players online:
[capture] list -> There are 0 of a max of 20 players online:
[capture] list -> There are 0 of a max of 20 players online:
[capture] list -> There are 0 of a max of 20 players online:
[capture] list -> There are 0 of a max of 20 players online:
[capture] list -> There are 0 of a max of 20 players online:
[capture] list -> There are 0 of a max of 20 players online:
[capture] list -> There are 0 of a max of 20 players online:
[capture] list -> There are 0 of a max of 20 players online:
[capture] list -> There are 0 of a max of 20 players online:
[capture] list -> There are 0 of a max of 20 players online:
[capture] list -> There are 0 of a max of 20 players online:
[capture] list -> There are 0 of a max of 20 players online:
[capture] list -> There are 0 of a max of 20 players online:
[capture] list -> There are 0 of a max of 20 players online:
[capture] list -> There are 0 of a max of 20 players online:
[capture] list -> There are 0 of a max of 20 players online:
[capture] list -> There are 0 of a max of 20 players online:
[capture] list -> There are 0 of a max of 20 players online:
[capture] list -> There are 0 of a max of 20 players online:
[capture] list -> There are 0 of a max of 20 players online:
[capture] list -> There are 0 of a max of 20 players online:
[capture] list -> There are 0 of a max of 20 players online:
[capture] list -> There are 0 of a max of 20 players online:
[capture] list -> There are 0 of a max of 20 players online:
[capture] list -> There are 0 of a max of 20 players online:
[capture] list -> There are 0 of a max of 20 players online:
[capture] list -> There are 0 of a max of 20 players online:
[capture] list -> There are 0 of a max of 20 players online:
[capture] list -> There are 0 of a max of 20 players online:
[capture] list -> There are 0 of a max of 20 players online:
[capture] list -> There are 0 of a max of 20 players online:
[capture] list -> There are 0 of a max of 20 players online:
[capture] list -> There are 0 of a max of 20 players online:
[capture] list -> There are 0 of a max of 20 players online:
[capture] list -> There are 0 of a max of 20 players online:
[capture] list -> There are 0 of a max of 20 players online:
[capture] list -> There are 0 of a max of 20 players online:
[capture] list -> There are 0 of a max of 20 players online:
[capture] list -> There are 0 of a max of 20 players online:
[capture] list -> There are 0 of a max of 20 players online:
[capture] list -> There are 0 of a max of 20 players online:
[capture] list -> There are 0 of a max of 20 players online:
[capture] list -> There are 0 of a max of 20 players online:
[capture] list -> There are 0 of a max of 20 players online:
[capture] list -> There are 0 of a max of 20 players online:
[capture] list -> There are 0 of a max of 20 players online:
[capture] list -> There are 0 of a max of 20 players online:
[capture] list -> There are 0 of a max of 20 players online:
[capture] list -> There are 0 of a max of 20 players online:
[capture] list -> There are 0 of a max of 20 players online:
[capture] list -> There are 0 of a max of 20 players online:
[capture] list -> There are 0 of a max of 20 players online:
[capture] list -> There are 0 of a max of 20 players online:
[capture] list -> There are 0 of a max of 20 players online:
[capture] list -> There are 0 of a max of 20 players online:
[capture] list -> There are 0 of a max of 20 players online:
[capture] list -> There are 0 of a max of 20 players online:
[capture] list -> There are 0 of a max of 20 players online:
[capture] list -> There are 0 of a max of 20 players online:
[capture] list -> There are 0 of a max of 20 players online:
[capture] list -> There are 0 of a max of 20 players online:
[capture] list -> There are 0 of a max of 20 players online:
[capture] list -> There are 0 of a max of 20 players online:
[capture] list -> There are 0 of a max of 20 players online:
[capture] list -> There are 0 of a max of 20 players online:
[capture] list -> There are 0 of a max of 20 players online:
[capture] list -> There are 0 of a max of 20 players online:
[capture] list -> There are 0 of a max of 20 players online:
[capture] list -> There are 0 of a max of 20 players online:
[capture] list -> There are 0 of a max of 20 players online:
[capture] list -> There are 0 of a max of 20 players online:
[capture] list -> There are 0 of a max of 20 players online:
[capture] list -> There are 0 of a max of 20 players online:
[capture] list -> There are 0 of a max of 20 players online:
[capture] list -> There are 0 of a max of 20 players online:
[capture] list -> There are 0 of a max of 20 players online:
[capture] list -> There are 0 of a max of 20 players online:
[capture] list -> There are 0 of a max of 20 players online:
[capture] list -> There are 0 of a max of 20 players online:
[capture] list -> There are 0 of a max of 20 players online:
[capture] list -> There are 0 of a max of 20 players online:
[capture] list -> There are 0 of a max of 20 players online:
[capture] list -> There are 0 of a max of 20 players online:
[capture] list -> There are 0 of a max of 20 players online:
[capture] list -> There are 0 of a max of 20 players online:
[capture] list -> There are 0 of a max of 20 players online:
[capture] list -> There are 0 of a max of 20 players online:
[capture] list -> There are 0 of a max of 20 players online:
[capture] list -> There are 0 of a max of 20 players online:
[capture] list -> There are 0 of a max of 20 players online:
[capture] list -> There are 0 of a max of 20 players online:
[capture] list -> There are 0 of a max of 20 players online:
[capture] list -> There are 0 of a max of 20 players online:
[capture] list -> There are 0 of a max of 20 players online:
[capture] list -> There are 0 of a max of 20 players online:
[capture] list -> There are 0 of a max of 20 players online:
[capture] list -> There are 0 of a max of 20 players online:
[capture] list -> There are 0 of a max of 20 players online:
[capture] list -> There are 0 of a max of 20 players online:
[capture] list -> There are 0 of a max of 20 players online:
[capture] list -> There are 0 of a max of 20 players online:
[capture] list -> There are 0 of a max of 20 players online:
[capture] list -> There are 0 of a max of 20 players online:
[capture] list -> There are 0 of a max of 20 players online:
[capture] list -> There are 0 of a max of 20 players online:
[capture] list -> There are 0 of a max of 20 players online:
[capture] list -> There are 0 of a max of 20 players online:
[capture] list -> There are 0 of a max of 20 players online:
[capture] list -> There are 0 of a max of 20 players online:
[capture] list -> There are 0 of a max of 20 players online:
[capture] list -> There are 0 of a max of 20 players online:
[capture] list -> There are 0 of a max of 20 players online:
[capture] list -> There are 0 of a max of 20 players online:
[capture] list -> There are 0 of a max of 20 players online:
[capture] list -> There are 0 of a max of 20 players online:
[capture] list -> There are 0 of a max of 20 players online:
[capture] list -> There are 0 of a max of 20 players online:
[capture] list -> There are 0 of a max of 20 players online:
[capture] list -> There are 0 of a max of 20 players online:
[capture] list -> There are 0 of a max of 20 players online:
[capture] client gradle started: {'SDL_VIDEODRIVER': 'offscreen'}
[capture] list -> There are 0 of a max of 20 players online:
[capture] list -> There are 0 of a max of 20 players online:
[capture] list -> There are 0 of a max of 20 players online:
[capture] list -> There are 0 of a max of 20 players online:
[capture] list -> There are 0 of a max of 20 players online:
[capture] list -> There are 1 of a max of 20 players online: CaptureBot
[capture] client joined as: CaptureBot
[capture] got rift_summon_flash.png
[capture] got rift_summon_ring.png
[capture] got rift_summon_bolt.png
[capture] got rift_first_person.png
[capture] got rift_side_angle.png
[capture] got rift_oblique_low.png
[capture] got rift_close_up.png
[capture] got rift_membrane_near.png
[capture] got rift_night_front.png
[capture] got rift_morning_beam.png
[capture] got rift_evening.png
[capture] got rift_against_ground.png
[capture] got sift_sky_quilt.png
[capture] done: ['rift_against_ground.png', 'rift_close_up.png', 'rift_evening.png', 'rift_first_person.png', 'rift_membrane_near.png', 'rift_morning_beam.png', 'rift_night_front.png', 'rift_oblique_low.png', 'rift_side_angle.png', 'rift_summon_bolt.png', 'rift_summon_flash.png', 'rift_summon_ring.png', 'sift_sky_quilt.png']
