
==== client attempt with {'SDL_VIDEODRIVER': 'x11', 'SDL_VIDEO_X11_FORCE_EGL': '1'} ====
To honour the JVM settings for this build a single-use Daemon process will be forked. For more on this, please refer to https://docs.gradle.org/9.7.1/userguide/gradle_daemon.html#sec:disabling_the_daemon in the Gradle documentation.
Daemon will be stopped at the end of the build 

> Configure project :
Fabric Loom: 1.18.2

> Task :compileJava UP-TO-DATE
> Task :bundleShaders UP-TO-DATE
> Task :processResources UP-TO-DATE
> Task :classes UP-TO-DATE

> Task :compileClientJava
Note: /home/runner/work/dddddd/dddddd/fabric-mod/src/client/java/dev/logan/entersift/SiftClient.java uses or overrides a deprecated API.
Note: Recompile with -Xlint:deprecation for details.

> Task :processClientResources NO-SOURCE
> Task :clientClasses
> Task :generateLog4jConfig UP-TO-DATE
> Task :generateDLIConfig UP-TO-DATE
> Task :configureLaunch UP-TO-DATE
> Task :downloadAssets
> Task :configureClientLaunch

> Task :runClient
[21:57:32] [main/WARN] (FabricLoader/Knot) Class path entries reference missing files: /home/runner/work/dddddd/dddddd/fabric-mod/build/resources/client - the game may not load properly!
[21:57:32] [main/INFO] (FabricLoader/GameProvider) Loading Minecraft 26.3 with Fabric Loader 0.19.5
[21:57:32] [main/INFO] (FabricLoader/Mappings) Mappings not present!
[21:57:33] [main/INFO] (FabricLoader) Loading 52 mods:
	- entersift 0.37.0-alpha
	- fabric-advancement-api-v1 1.0.0+38c7a2d55d
	- fabric-api 0.161.0+26.3
	- fabric-api-base 2.0.6+fcdff87f5d
	- fabric-api-lookup-api-v1 2.0.24+3434d6d95d
	- fabric-biome-api-v1 20.0.9+74ed1ea55d
	- fabric-block-api-v1 3.1.0+0ae6f9115d
	- fabric-block-getter-api-v2 2.0.9+3434d6d95d
	- fabric-client-gametest-api-v1 6.0.7+4be74c3f5d
	- fabric-command-api-v2 3.1.2+fcdff87f5d
	- fabric-content-registries-v0 15.0.4+74ed1ea55d
	- fabric-convention-tags-v2 4.10.3+6b5b47fd5d
	- fabric-crash-report-info-v1 1.0.7+fcdff87f5d
	- fabric-creative-tab-api-v1 5.0.21+fcdff87f5d
	- fabric-data-attachment-api-v1 2.2.30+3434d6d95d
	- fabric-data-generation-api-v1 27.2.4+427eab975d
	- fabric-debug-api-v1 1.0.4+3434d6d95d
	- fabric-dimensions-v1 5.1.19+47f74c985d
	- fabric-entity-events-v1 6.0.4+3434d6d95d
	- fabric-events-interaction-v0 5.3.6+3434d6d95d
	- fabric-game-rule-api-v1 4.0.10+3434d6d95d
	- fabric-gametest-api-v1 4.0.32+3434d6d95d
	- fabric-item-api-v1 14.7.0+cf6bc2db5d
	- fabric-key-mapping-api-v1 2.0.8+3434d6d95d
	- fabric-lifecycle-events-v1 4.1.9+ffef5f675d
	- fabric-loot-api-v3 4.0.8+4068fd645d
	- fabric-menu-api-v1 2.0.27+ed66f0a35d
	- fabric-message-api-v1 7.0.10+3434d6d95d
	- fabric-model-loading-api-v1 8.0.35+fcdff87f5d
	- fabric-networking-api-v1 6.3.8+fcdff87f5d
	- fabric-object-builder-api-v1 24.1.9+3434d6d95d
	- fabric-particles-v1 5.0.24+3434d6d95d
	- fabric-permission-api-v1 1.0.8+fcdff87f5d
	- fabric-recipe-api-v1 10.0.8+fcdff87f5d
	- fabric-registry-sync-v0 8.0.1+fcdff87f5d
	- fabric-renderer-api-v1 17.0.15+79385d0b5d
	- fabric-renderer-indigo 9.1.23+b9d63e335d
	- fabric-rendering-fluids-v1 6.0.6+3434d6d95d
	- fabric-rendering-v1 27.0.14+901a437c5d
	- fabric-resource-conditions-api-v1 6.1.5+3434d6d95d
	- fabric-resource-loader-v0 3.3.26+4fc5413f5d
	- fabric-resource-loader-v1 3.0.4+fcdff87f5d
	- fabric-screen-api-v1 5.2.4+48607d035d
	- fabric-serialization-api-v1 2.0.7+74ed1ea55d
	- fabric-sound-api-v1 2.0.7+3434d6d95d
	- fabric-tag-api-v1 2.1.10+fcdff87f5d
	- fabric-transfer-api-v1 8.0.25+fcdff87f5d
	- fabric-transitive-access-wideners-v1 8.1.16+52268a0e5d
	- fabricloader 0.19.5
	- java 25
	- minecraft 26.3
	- mixinextras 0.5.5
[21:57:33] [main/INFO] (FabricLoader/Mixin) SpongePowered MIXIN Subsystem Version=0.8.7 Source=file:/home/runner/.gradle/caches/modules-2/files-2.1/net.fabricmc/sponge-mixin/0.17.4+mixin.0.8.7/5f66cc9f59b8efaa942155a3d5a30599bf6640dd/sponge-mixin-0.17.4+mixin.0.8.7.jar Service=Knot/Fabric Env=CLIENT
[21:57:35] [main/INFO] (FabricLoader/MixinExtras|Service) Initializing MixinExtras via com.llamalad7.mixinextras.service.MixinExtrasServiceImpl(version=0.5.5).
[21:57:36] [Datafixer Bootstrap #0/INFO] (Minecraft) 307 Datafixer optimizations took 823 milliseconds
[21:57:41] [Render thread/INFO] (Minecraft) Environment: Environment[discoveryUrl=https://discovery.minecraftservices.com/minecraft/client, name=PROD]
[21:57:42] [Render thread/INFO] (Minecraft) Setting user: CaptureBot
[21:57:42] [Render thread/INFO] (entersift) Enter the Sift: eight notes, one threshold.
[21:57:42] [Render thread/INFO] (entersift) [Sift] render switches: overworld_clouds=true rift_effects=true transition_hud=true rift_shader=true aura_glow=true
[21:57:42] [Render thread/INFO] (entersift) [Sift] capture mode active: /home/runner/work/dddddd/dddddd/fabric-mod/build/captures server: 127.0.0.1:25565
[21:57:42] [Render thread/INFO] (entersift) [Sift] installed optional shader pack Dungeons-II-Overworld-0.15.zip (off by default)
[21:57:42] [Render thread/INFO] (Indigo) [Indigo] Registering Indigo renderer!
[21:57:42] [Render thread/INFO] (Minecraft) Backend library: LWJGL version 3.4.3-snapshot
[21:57:42] [Render thread/INFO] (Minecraft) SDL [SYSTEM]: App name: Minecraft
[21:57:42] [Render thread/INFO] (Minecraft) SDL [SYSTEM]: App version: 26.3
[21:57:42] [Render thread/INFO] (Minecraft) SDL [SYSTEM]: App ID: com.mojang.minecraft
[21:57:42] [Render thread/INFO] (Minecraft) SDL [SYSTEM]: SDL revision: SDL-3.4.14--128-NOTFOUND
[21:57:43] [Render thread/ERROR] (Minecraft) Failed to create backend OpenGL

com.mojang.renderpearl.api.device.BackendCreationException: Failed to create window for OpenGL context: Couldn't find matching GLX visual
	at knot//com.mojang.renderpearl.backend.opengl.GlDevice.<init>(GlDevice.java:83)
	at knot//com.mojang.renderpearl.backend.opengl.GlBackend.createDevice(GlBackend.java:68)
	at knot//net.minecraft.client.Minecraft.<init>(Minecraft.java:533)
	at knot//net.minecraft.client.main.Main.main(Main.java:278)
	at net.fabricmc.loader.impl.game.minecraft.MinecraftGameProvider.launch(MinecraftGameProvider.java:517)
	at net.fabricmc.loader.impl.launch.knot.Knot.launch(Knot.java:72)
	at net.fabricmc.loader.impl.launch.knot.KnotClient.main(KnotClient.java:23)
	at net.fabricmc.devlaunchinjector.Main.main(Main.java:86)
[21:57:43] [Render thread/ERROR] (Minecraft) Failed to create backend Vulkan

com.mojang.renderpearl.api.device.BackendCreationException: Vulkan is not supported: Installed Vulkan doesn't implement the VK_KHR_surface extension
	at knot//com.mojang.renderpearl.backend.vulkan.VulkanBackend.loadLibrary(VulkanBackend.java:69)
	at knot//net.minecraft.client.Minecraft.<init>(Minecraft.java:530)
	at knot//net.minecraft.client.main.Main.main(Main.java:278)
	at net.fabricmc.loader.impl.game.minecraft.MinecraftGameProvider.launch(MinecraftGameProvider.java:517)
	at net.fabricmc.loader.impl.launch.knot.Knot.launch(Knot.java:72)
	at net.fabricmc.loader.impl.launch.knot.KnotClient.main(KnotClient.java:23)
	at net.fabricmc.devlaunchinjector.Main.main(Main.java:86)
X connection to :100 broken (explicit kill or server shutdown).

> Task :runClient FAILED
gradle/actions: Writing build results to /home/runner/work/_temp/.gradle-actions/build-results/__run_2-1791237433294.json

[Incubating] Problems report is available at: file:///home/runner/work/dddddd/dddddd/fabric-mod/build/reports/problems/problems-report.html

FAILURE: Build failed with an exception.

* What went wrong:
Execution failed for task ':runClient' (registered by plugin 'fabric-loom').
> Process 'command 'xvfb-run'' finished with non-zero exit value 143 (this value may indicate that the process was terminated with the SIGTERM signal)

* Try:
> Run with --stacktrace option to get the stack trace.
> Run with --info or --debug option to get more log output.
> Run with --scan to get full insights from a Build Scan (powered by Develocity).
> Get more help at https://help.gradle.org.

BUILD FAILED in 15m 2s
8 actionable tasks: 3 executed, 5 up-to-date

==== client attempt with {'SDL_VIDEODRIVER': 'offscreen'} ====
To honour the JVM settings for this build a single-use Daemon process will be forked. For more on this, please refer to https://docs.gradle.org/9.7.1/userguide/gradle_daemon.html#sec:disabling_the_daemon in the Gradle documentation.
Daemon will be stopped at the end of the build 

> Configure project :
Fabric Loom: 1.18.2

> Task :compileJava UP-TO-DATE
> Task :bundleShaders UP-TO-DATE
> Task :processResources UP-TO-DATE
> Task :classes UP-TO-DATE
> Task :compileClientJava UP-TO-DATE
> Task :processClientResources NO-SOURCE
> Task :clientClasses UP-TO-DATE
> Task :generateLog4jConfig UP-TO-DATE
> Task :generateDLIConfig UP-TO-DATE
> Task :configureLaunch UP-TO-DATE
> Task :downloadAssets UP-TO-DATE
> Task :configureClientLaunch UP-TO-DATE

> Task :runClient
[22:12:21] [main/WARN] (FabricLoader/Knot) Class path entries reference missing files: /home/runner/work/dddddd/dddddd/fabric-mod/build/resources/client - the game may not load properly!
[22:12:21] [main/INFO] (FabricLoader/GameProvider) Loading Minecraft 26.3 with Fabric Loader 0.19.5
[22:12:21] [main/INFO] (FabricLoader/Mappings) Mappings not present!
[22:12:21] [main/INFO] (FabricLoader) Loading 52 mods:
	- entersift 0.37.0-alpha
	- fabric-advancement-api-v1 1.0.0+38c7a2d55d
	- fabric-api 0.161.0+26.3
	- fabric-api-base 2.0.6+fcdff87f5d
	- fabric-api-lookup-api-v1 2.0.24+3434d6d95d
	- fabric-biome-api-v1 20.0.9+74ed1ea55d
	- fabric-block-api-v1 3.1.0+0ae6f9115d
	- fabric-block-getter-api-v2 2.0.9+3434d6d95d
	- fabric-client-gametest-api-v1 6.0.7+4be74c3f5d
	- fabric-command-api-v2 3.1.2+fcdff87f5d
	- fabric-content-registries-v0 15.0.4+74ed1ea55d
	- fabric-convention-tags-v2 4.10.3+6b5b47fd5d
	- fabric-crash-report-info-v1 1.0.7+fcdff87f5d
	- fabric-creative-tab-api-v1 5.0.21+fcdff87f5d
	- fabric-data-attachment-api-v1 2.2.30+3434d6d95d
	- fabric-data-generation-api-v1 27.2.4+427eab975d
	- fabric-debug-api-v1 1.0.4+3434d6d95d
	- fabric-dimensions-v1 5.1.19+47f74c985d
	- fabric-entity-events-v1 6.0.4+3434d6d95d
	- fabric-events-interaction-v0 5.3.6+3434d6d95d
	- fabric-game-rule-api-v1 4.0.10+3434d6d95d
	- fabric-gametest-api-v1 4.0.32+3434d6d95d
	- fabric-item-api-v1 14.7.0+cf6bc2db5d
	- fabric-key-mapping-api-v1 2.0.8+3434d6d95d
	- fabric-lifecycle-events-v1 4.1.9+ffef5f675d
	- fabric-loot-api-v3 4.0.8+4068fd645d
	- fabric-menu-api-v1 2.0.27+ed66f0a35d
	- fabric-message-api-v1 7.0.10+3434d6d95d
	- fabric-model-loading-api-v1 8.0.35+fcdff87f5d
	- fabric-networking-api-v1 6.3.8+fcdff87f5d
	- fabric-object-builder-api-v1 24.1.9+3434d6d95d
	- fabric-particles-v1 5.0.24+3434d6d95d
	- fabric-permission-api-v1 1.0.8+fcdff87f5d
	- fabric-recipe-api-v1 10.0.8+fcdff87f5d
	- fabric-registry-sync-v0 8.0.1+fcdff87f5d
	- fabric-renderer-api-v1 17.0.15+79385d0b5d
	- fabric-renderer-indigo 9.1.23+b9d63e335d
	- fabric-rendering-fluids-v1 6.0.6+3434d6d95d
	- fabric-rendering-v1 27.0.14+901a437c5d
	- fabric-resource-conditions-api-v1 6.1.5+3434d6d95d
	- fabric-resource-loader-v0 3.3.26+4fc5413f5d
	- fabric-resource-loader-v1 3.0.4+fcdff87f5d
	- fabric-screen-api-v1 5.2.4+48607d035d
	- fabric-serialization-api-v1 2.0.7+74ed1ea55d
	- fabric-sound-api-v1 2.0.7+3434d6d95d
	- fabric-tag-api-v1 2.1.10+fcdff87f5d
	- fabric-transfer-api-v1 8.0.25+fcdff87f5d
	- fabric-transitive-access-wideners-v1 8.1.16+52268a0e5d
	- fabricloader 0.19.5
	- java 25
	- minecraft 26.3
	- mixinextras 0.5.5
[22:12:21] [main/INFO] (FabricLoader/Mixin) SpongePowered MIXIN Subsystem Version=0.8.7 Source=file:/home/runner/.gradle/caches/modules-2/files-2.1/net.fabricmc/sponge-mixin/0.17.4+mixin.0.8.7/5f66cc9f59b8efaa942155a3d5a30599bf6640dd/sponge-mixin-0.17.4+mixin.0.8.7.jar Service=Knot/Fabric Env=CLIENT
[22:12:23] [main/INFO] (FabricLoader/MixinExtras|Service) Initializing MixinExtras via com.llamalad7.mixinextras.service.MixinExtrasServiceImpl(version=0.5.5).
[22:12:24] [Datafixer Bootstrap #0/INFO] (Minecraft) 307 Datafixer optimizations took 761 milliseconds
[22:12:30] [Render thread/INFO] (Minecraft) Environment: Environment[discoveryUrl=https://discovery.minecraftservices.com/minecraft/client, name=PROD]
[22:12:30] [Render thread/INFO] (Minecraft) Setting user: CaptureBot
[22:12:30] [Render thread/INFO] (entersift) Enter the Sift: eight notes, one threshold.
[22:12:30] [Render thread/INFO] (Indigo) [Indigo] Registering Indigo renderer!
[22:12:30] [Render thread/INFO] (entersift) [Sift] render switches: overworld_clouds=true rift_effects=true transition_hud=true rift_shader=true aura_glow=true
[22:12:31] [Render thread/INFO] (entersift) [Sift] capture mode active: /home/runner/work/dddddd/dddddd/fabric-mod/build/captures server: 127.0.0.1:25565
[22:12:31] [Render thread/INFO] (Minecraft) Backend library: LWJGL version 3.4.3-snapshot
[22:12:31] [Render thread/WARN] (Minecraft) Detected unexpected shutdown during last game startup: resetting fullscreen mode
[22:12:31] [Render thread/INFO] (Minecraft) SDL [SYSTEM]: App name: Minecraft
[22:12:31] [Render thread/INFO] (Minecraft) SDL [SYSTEM]: App version: 26.3
[22:12:31] [Render thread/INFO] (Minecraft) SDL [SYSTEM]: App ID: com.mojang.minecraft
[22:12:31] [Render thread/INFO] (Minecraft) SDL [SYSTEM]: SDL revision: SDL-3.4.14--128-NOTFOUND
[22:12:31] [Render thread/WARN] (Minecraft) Detected unexpected shutdown during last game startup: forcing preferred graphics API to OpenGL
[22:12:31] [Render thread/INFO] (Minecraft) Using graphics backend OpenGL, using drivers: 4.5 (Core Profile) Mesa 25.2.8-0ubuntu0.24.04.4
[22:12:31] [Render thread/INFO] (Minecraft) Using graphics device: llvmpipe (LLVM 20.1.2, 256 bits) (Mesa)
[22:12:31] [Render thread/INFO] (Minecraft) Using graphics device extensions: GL_ARB_multi_draw_indirect, GL_ARB_buffer_storage, GL_ARB_shader_draw_parameters, GL_ARB_base_instance, GL_KHR_debug, GL_ARB_draw_indirect, GL_ARB_clip_control, GL_ARB_vertex_attrib_binding, GL_ARB_direct_state_access, GL_EXT_texture_filter_anisotropic
[22:12:31] [Render thread/INFO] (Minecraft) Created window using SDL video driver: offscreen
[22:12:31] [Render thread/WARN] (Minecraft) Failed to set window icon: That operation is not supported
[22:12:32] [Download-1/INFO] (Minecraft) Could not authorize you against Realms server: java.lang.RuntimeException: Failed to parse into SignedJWT: FabricMC
[22:12:32] [Render thread/ERROR] (Minecraft) Error while loading the narrator

com.mojang.text2speech.Narrator$InitializeException: Failed to load library flite
	at knot//com.mojang.text2speech.NarratorLinux$FliteLibrary.loadNative(NarratorLinux.java:82)
	at knot//com.mojang.text2speech.NarratorLinux.<init>(NarratorLinux.java:19)
	at knot//com.mojang.text2speech.Narrator.getNarrator(Narrator.java:41)
	at knot//net.minecraft.client.GameNarrator.<init>(GameNarrator.java:20)
	at knot//net.minecraft.client.Minecraft.<init>(Minecraft.java:740)
	at knot//net.minecraft.client.main.Main.main(Main.java:278)
	at net.fabricmc.loader.impl.game.minecraft.MinecraftGameProvider.launch(MinecraftGameProvider.java:517)
	at net.fabricmc.loader.impl.launch.knot.Knot.launch(Knot.java:72)
	at net.fabricmc.loader.impl.launch.knot.KnotClient.main(KnotClient.java:23)
	at net.fabricmc.devlaunchinjector.Main.main(Main.java:86)
Caused by: java.lang.UnsatisfiedLinkError: Unable to load library 'flite':
libflite.so: cannot open shared object file: No such file or directory
libflite.so: cannot open shared object file: No such file or directory
Native library (linux-x86-64/libflite.so) not found in resource path (/home/runner/work/dddddd/dddddd/fabric-mod/build/classes/java/client:/home/runner/work/dddddd/dddddd/fabric-mod/build/resources/client:/home/runner/.gradle/caches/modules-2/files-2.1/net.fabricmc/fabric-loader/0.19.5/ff9e65cffca4a67f31523e1807fe0855940fcbfa/fabric-loader-0.19.5.jar:/home/runner/.gradle/caches/modules-2/files-2.1/net.fabricmc.fabric-api/fabric-api/0.161.0+26.3/53f9ee02c3702734d90520aa8c9719bf0e1c8d4f/fabric-api-0.161.0+26.3.jar:/home/runner/.gradle/caches/modules-2/files-2.1/org.ow2.asm/asm/9.10.1/ada2141c0cc52ee8f5c48cd5fa4ce0e794f22236/asm-9.10.1.jar:/home/runner/.gradle/caches/modules-2/files-2.1/org.ow2.asm/asm-analysis/9.10.1/8d49f14d51f632cb1d87c88d1ceaf50db0d8af1b/asm-analysis-9.10.1.jar:/home/runner/.gradle/caches/modules-2/files-2.1/org.ow2.asm/asm-commons/9.10.1/4229e4c55fd8e01c23f9fe9884075cc628aacc50/asm-commons-9.10.1.jar:/home/runner/.gradle/caches/modules-2/files-2.1/org.ow2.asm/asm-tree/9.10.1/e244332a17564c1d1572449399a842de35881be2/asm-tree-9.10.1.jar:/home/runner/.gradle/caches/modules-2/files-2.1/org.ow2.asm/asm-util/9.10.1/7bb9d450e8d4cbf9f9e04096c44bbfe7fba80b15/asm-util-9.10.1.jar:/home/runner/.gradle/caches/modules-2/files-2.1/net.fabricmc/sponge-mixin/0.17.4+mixin.0.8.7/5f66cc9f59b8efaa942155a3d5a30599bf6640dd/sponge-mixin-0.17.4+mixin.0.8.7.jar:/home/runner/.gradle/caches/modules-2/files-2.1/io.github.llamalad7/mixinextras-fabric/0.5.5/d1055b99c0ab08a8403fe2da3d79ca28e6340a76/mixinextras-fabric-0.5.5.jar:/home/runner/.gradle/caches/modules-2/files-2.1/net.fabricmc/dev-launch-injector/0.2.1+build.8/da8bef7e6e2f952da707f282bdb46882a0fce5e3/dev-launch-injector-0.2.1+build.8.jar:/home/runner/.gradle/caches/modules-2/files-2.1/net.fabricmc/fabric-log4j-util/1.0.2/ef0b3fb613356feb75a67d54f2fad6f03a006648/fabric-log4j-util-1.0.2.jar:/home/runner/.gradle/caches/modules-2/files-2.1/at.yawk.lz4/lz4-java/1.10.1/f541d7f910fe3d76f38f799c507c48cc81b12ecb/lz4-java-1.10.1.jar:/home/runner/.gradle/caches/modules-2/files-2.1/com.azure/azure-json/1.4.0/fcc1d354dbc3e0300e5276b1bf124d0247799cd8/azure-json-1.4.0.jar:/home/runner/.gradle/caches/modules-2/files-2.1/com.github.oshi/oshi-core/6.9.0/3224870731860cfcd7744581a05b559e94291e7/oshi-core-6.9.0.jar:/home/runner/.gradle/caches/modules-2/files-2.1/com.google.code.gson/gson/2.14.0/efc0e34ede4e3204eaefb84a00e55e8c86634382/gson-2.14.0.jar:/home/runner/.gradle/caches/modules-2/files-2.1/com.google.guava/failureaccess/1.0.3/aeaffd00d57023a2c947393ed251f0354f0985fc/failureaccess-1.0.3.jar:/home/runner/.gradle/caches/modules-2/files-2.1/com.google.guava/guava/33.6.0-jre/c376b13067cc99a5774403530953f7b05a91e218/guava-33.6.0-jre.jar:/home/runner/.gradle/caches/modules-2/files-2.1/com.ibm.icu/icu4j/78.3/6a851a53bb1f25689fc418dcc8935b0d93580adf/icu4j-78.3.jar:/home/runner/.gradle/caches/modules-2/files-2.1/com.microsoft.azure/msal4j/1.24.1/c233f2d047b9755f7041adf21a858c680e4c9242/msal4j-1.24.1.jar:/home/runner/.gradle/caches/modules-2/files-2.1/com.mojang/authlib/10.0.77/add8754cda96cf0cd840441632875648836f8a71/authlib-10.0.77.jar:/home/runner/.gradle/caches/modules-2/files-2.1/com.mojang/blocklist/1.0.10/5c685c5ffa94c4cd39496c7184c1d122e515ecef/blocklist-1.0.10.jar:/home/runner/.gradle/caches/modules-2/files-2.1/com.mojang/brigadier/1.3.11/3373d1e7bf00c8b99bed1ea4efb8c47344e4a887/brigadier-1.3.11.jar:/home/runner/.gradle/caches/modules-2/files-2.1/com.mojang/datafixerupper/10.0.21/b6b2ae770c02e0c1eb90f9985b151e9085a38d0b/datafixerupper-10.0.21.jar:/home/runner/.gradle/caches/modules-2/files-2.1/com.mojang/jtracy/1.14.38/cc2ad81342001b4281c305a298d7f50332354058/jtracy-1.14.38.jar:/home/runner/.gradle/caches/modules-2/files-2.1/com.mojang/jtracy/1.14.38/d2433300f8a4e99595d513546d19ecddc3eaa15e/jtracy-1.14.38-natives-linux.jar:/home/runner/.gradle/caches/modules-2/files-2.1/com.mojang/logging/1.7.12/351cea64a5233361327d8d54c44277041beed97f/logging-1.7.12.jar:/home/runner/.gradle/caches/modules-2/files-2.1/com.mojang/patchy/2.2.10/da05971b07cbb379d002cf7eaec6a2048211fefc/patchy-2.2.10.jar:/home/runner/.gradle/caches/modules-2/files-2.1/com.mojang/text2speech/1.19.12/2e517a75c79d34d32de2b5d68422150836c2133e/text2speech-1.19.12.jar:/home/runner/.gradle/caches/modules-2/files-2.1/commons-codec/commons-codec/1.22.0/6b3eb4beb7058c2a638f5f17bcb388649fd339dd/commons-codec-1.22.0.jar:/home/runner/.gradle/caches/modules-2/files-2.1/commons-io/commons-io/2.20.0/36f3474daec2849c149e877614e7f979b2082cd2/commons-io-2.20.0.jar:/home/runner/.gradle/caches/modules-2/files-2.1/io.netty/netty-buffer/4.2.16.Final/5397ef65dcb60670e0e0dba4854522873af3070/netty-buffer-4.2.16.Final.jar:/home/runner/.gradle/caches/modules-2/files-2.1/io.netty/netty-codec-base/4.2.16.Final/1a01d45a9efc228c6d747525848b065e0656b5f/netty-codec-base-4.2.16.Final.jar:/home/runner/.gradle/caches/modules-2/files-2.1/io.netty/netty-codec-compression/4.2.16.Final/bdbbcfcdbe217b95c14a04df4fc5d31213d5c27c/netty-codec-compression-4.2.16.Final.jar:/home/runner/.gradle/caches/modules-2/files-2.1/io.netty/netty-codec-http/4.2.16.Final/b5e0715df90047ee5a0138c8f704f43c751009e4/netty-codec-http-4.2.16.Final.jar:/home/runner/.gradle/caches/modules-2/files-2.1/io.netty/netty-common/4.2.16.Final/c2bc7fa5acfa2afc777e944d84f0aa65559cc81e/netty-common-4.2.16.Final.jar:/home/runner/.gradle/caches/modules-2/files-2.1/io.netty/netty-handler/4.2.16.Final/cc82873ae4b6d14effe480740ad838de09add70d/netty-handler-4.2.16.Final.jar:/home/runner/.gradle/caches/modules-2/files-2.1/io.netty/netty-resolver/4.2.16.Final/fcea6d64273b59ab9127b68c16ae98af34642139/netty-resolver-4.2.16.Final.jar:/home/runner/.gradle/caches/modules-2/files-2.1/io.netty/netty-transport-classes-epoll/4.2.16.Final/cf90c7b892e284ba9f1545dce170168369b3b9d6/netty-transport-classes-epoll-4.2.16.Final.jar:/home/runner/.gradle/caches/modules-2/files-2.1/io.netty/netty-transport-classes-kqueue/4.2.16.Final/fa2bcf8c71626510f6fae173f78182117b70f7a/netty-transport-classes-kqueue-4.2.16.Final.jar:/home/runner/.gradle/caches/modules-2/files-2.1/io.netty/netty-transport-native-epoll/4.2.16.Final/eed34f3b37b4c46a0cbb49456ccc4e3bd7195e4c/netty-transport-native-epoll-4.2.16.Final-linux-aarch_64.jar:/home/runner/.gradle/caches/modules-2/files-2.1/io.netty/netty-transport-native-epoll/4.2.16.Final/439c24f5c27c220deb042b42e4048d606edeb78d/netty-transport-native-epoll-4.2.16.Final-linux-x86_64.jar:/home/runner/.gradle/caches/modules-2/files-2.1/io.netty/netty-transport-native-unix-common/4.2.16.Final/3cf32390f1b80af890ac44aa0698c2ff58c2a4d7/netty-transport-native-unix-common-4.2.16.Final.jar:/home/runner/.gradle/caches/modules-2/files-2.1/io.netty/netty-transport/4.2.16.Final/ae87a3bec51d503475a19fbd718bf777f2fc06c6/netty-transport-4.2.16.Final.jar:/home/runner/.gradle/caches/modules-2/files-2.1/it.unimi.dsi/fastutil/8.5.18/a6cff377eecc19c2037bf31568a6d7106b50ba1f/fastutil-8.5.18.jar:/home/runner/.gradle/caches/modules-2/files-2.1/net.java.dev.jna/jna-platform/5.17.0/a4934c44d25a9d8c2ddf4203affd20330cb3426f/jna-platform-5.17.0.jar:/home/runner/.gradle/caches/modules-2/files-2.1/net.java.dev.jna/jna/5.17.0/33d12735bef894440780fce64f9758d420c7bae2/jna-5.17.0.jar:/home/runner/.gradle/caches/modules-2/files-2.1/net.sf.jopt-simple/jopt-simple/5.0.4/4fdac2fbe92dfad86aa6e9301736f6b4342a3f5c/jopt-simple-5.0.4.jar:/home/runner/.gradle/caches/modules-2/files-2.1/org.apache.commons/commons-compress/1.28.0/e482f2c7a88dac3c497e96aa420b6a769f59c8d7/commons-compress-1.28.0.jar:/home/runner/.gradle/caches/modules-2/files-2.1/org.apache.commons/commons-lang3/3.20.0/65897b3e5731220962e659e001904af3c3cbeba9/commons-lang3-3.20.0.jar:/home/runner/.gradle/caches/modules-2/files-2.1/org.apache.logging.log4j/log4j-api/2.26.0/ad52af0ecf054a7e3f275a2e180ee06d9c490951/log4j-api-2.26.0.jar:/home/runner/.gradle/caches/modules-2/files-2.1/org.apache.logging.log4j/log4j-core/2.26.0/d267ca60b27ddb075e0b4e75e7875859717bf85f/log4j-core-2.26.0.jar:/home/runner/.gradle/caches/modules-2/files-2.1/org.apache.logging.log4j/log4j-slf4j2-impl/2.26.0/668c0f0e813d83f00a7182533aa658ec7e7a0a0d/log4j-slf4j2-impl-2.26.0.jar:/home/runner/.gradle/caches/modules-2/files-2.1/org.jcraft/jorbis/0.0.17/8872d22b293e8f5d7d56ff92be966e6dc28ebdc6/jorbis-0.0.17.jar:/home/runner/.gradle/caches/modules-2/files-2.1/org.joml/joml/1.10.9/438e036486bad66b189bff385dd07dea4f74a146/joml-1.10.9.jar:/home/runner/.gradle/caches/modules-2/files-2.1/org.jspecify/jspecify/1.0.0/7425a601c1c7ec76645a78d22b8c6a627edee507/jspecify-1.0.0.jar:/home/runner/.gradle/caches/modules-2/files-2.1/org.lwjgl/lwjgl-freetype/3.4.3/d2b12961d44f92860fb1ab501f9c69b7a2975236/lwjgl-freetype-3.4.3.jar:/home/runner/.gradle/caches/modules-2/files-2.1/org.lwjgl/lwjgl-freetype/3.4.3/38f27c9a0fbe000bfb38b295c32944d699e246e9/lwjgl-freetype-3.4.3-natives-linux.jar:/home/runner/.gradle/caches/modules-2/files-2.1/org.lwjgl/lwjgl-jemalloc/3.4.3/350f317eaf5295b1e53f6664ef5fdeeaaa7dcbf0/lwjgl-jemalloc-3.4.3.jar:/home/runner/.gradle/caches/modules-2/files-2.1/org.lwjgl/lwjgl-jemalloc/3.4.3/ca21b4b4c6d223907de645a18436ef6f677a5d4f/lwjgl-jemalloc-3.4.3-natives-linux.jar:/home/runner/.gradle/caches/modules-2/files-2.1/org.lwjgl/lwjgl-openal/3.4.3/32b52cda5af6937a4e4bd321bdb83082025cb332/lwjgl-openal-3.4.3.jar:/home/runner/.gradle/caches/modules-2/files-2.1/org.lwjgl/lwjgl-openal/3.4.3/7daa62f9f7b38b30e8a3d3bc7069e9b2e3cd52f0/lwjgl-openal-3.4.3-natives-linux.jar:/home/runner/.gradle/caches/modules-2/files-2.1/org.lwjgl/lwjgl-opengl/3.4.3/b81769ee48050f8c71e70839505f350bf9219d90/lwjgl-opengl-3.4.3.jar:/home/runner/.gradle/caches/modules-2/files-2.1/org.lwjgl/lwjgl-opengl/3.4.3/ec6fb42167943e94f7f0b14707c1737653c4044b/lwjgl-opengl-3.4.3-natives-linux.jar:/home/runner/.gradle/caches/modules-2/files-2.1/org.lwjgl/lwjgl-sdl/3.4.3/c02146735d6ff70d070c73532b435e5c893a346b/lwjgl-sdl-3.4.3.jar:/home/runner/.gradle/caches/modules-2/files-2.1/org.lwjgl/lwjgl-sdl/3.4.3/6ed1b80b7c211a491612c70e43f27ba1f42cccd0/lwjgl-sdl-3.4.3-natives-linux.jar:/home/runner/.gradle/caches/modules-2/files-2.1/org.lwjgl/lwjgl-shaderc/3.4.3/ba9fbc8fc4d50b3e4b436cc958ddb4abdb05867c/lwjgl-shaderc-3.4.3.jar:/home/runner/.gradle/caches/modules-2/files-2.1/org.lwjgl/lwjgl-shaderc/3.4.3/37faa5824f75901f4961e56805aedf68e13cf8b/lwjgl-shaderc-3.4.3-natives-linux.jar:/home/runner/.gradle/caches/modules-2/files-2.1/org.lwjgl/lwjgl-spvc/3.4.3/98e5b5ef5159100b26a169a9aed6c24e820e3eaa/lwjgl-spvc-3.4.3.jar:/home/runner/.gradle/caches/modules-2/files-2.1/org.lwjgl/lwjgl-spvc/3.4.3/709eb01deec4bdafb7634b125a63fd8de172fc50/lwjgl-spvc-3.4.3-natives-linux.jar:/home/runner/.gradle/caches/modules-2/files-2.1/org.lwjgl/lwjgl-stb/3.4.3/cdce54785bd3758e44a81f345d6260774d921c78/lwjgl-stb-3.4.3.jar:/home/runner/.gradle/caches/modules-2/files-2.1/org.lwjgl/lwjgl-stb/3.4.3/3878e44ce27c12791e570b5c8754ef3b68401dd3/lwjgl-stb-3.4.3-natives-linux.jar:/home/runner/.gradle/caches/modules-2/files-2.1/org.lwjgl/lwjgl-vma/3.4.3/816a6ac87f1e447e5346ca0e7a1078353f51fbd6/lwjgl-vma-3.4.3.jar:/home/runner/.gradle/caches/modules-2/files-2.1/org.lwjgl/lwjgl-vma/3.4.3/3a9a95d3e83f7fc49c6ed8d0e1c853b77662d90e/lwjgl-vma-3.4.3-natives-linux.jar:/home/runner/.gradle/caches/modules-2/files-2.1/org.lwjgl/lwjgl-vulkan/3.4.3/ffdaf1898192059f059d66f9fa37e3debcac10e0/lwjgl-vulkan-3.4.3.jar:/home/runner/.gradle/caches/modules-2/files-2.1/org.lwjgl/lwjgl/3.4.3/7ab5265a73d8a959ed62332d546536ae6be2f0d5/lwjgl-3.4.3.jar:/home/runner/.gradle/caches/modules-2/files-2.1/org.lwjgl/lwjgl/3.4.3/2800e134537db1a175eba41c430b1018eddc48f0/lwjgl-3.4.3-natives-linux.jar:/home/runner/.gradle/caches/modules-2/files-2.1/org.slf4j/slf4j-api/2.0.17/d9e58ac9c7779ba3bf8142aff6c830617a7fe60f/slf4j-api-2.0.17.jar:/home/runner/work/dddddd/dddddd/fabric-mod/.gradle/loom-cache/minecraftMaven/net/minecraft/minecraft-clientOnly-7e9a32a5b8/26.3/minecraft-clientOnly-7e9a32a5b8-26.3.jar:/home/runner/work/dddddd/dddddd/fabric-mod/.gradle/loom-cache/minecraftMaven/net/minecraft/minecraft-common-7e9a32a5b8/26.3/minecraft-common-7e9a32a5b8-26.3.jar:/home/runner/.gradle/caches/modules-2/files-2.1/io.netty/netty-transport-native-kqueue/4.2.16.Final/dd9d41b06355a6a1815d902ee087a693aab83755/netty-transport-native-kqueue-4.2.16.Final-osx-x86_64.jar:/home/runner/.gradle/caches/modules-2/files-2.1/io.netty/netty-transport-native-kqueue/4.2.16.Final/ddb942cad6c0e978caa2215757512b36c5ffacec/netty-transport-native-kqueue-4.2.16.Final-osx-aarch_64.jar:/home/runner/.gradle/caches/modules-2/files-2.1/net.fabricmc.fabric-api/fabric-advancement-api-v1/1.0.0+38c7a2d55d/54c209419f01d579761838892772d4196436752b/fabric-advancement-api-v1-1.0.0+38c7a2d55d.jar:/home/runner/.gradle/caches/modules-2/files-2.1/net.fabricmc.fabric-api/fabric-transfer-api-v1/8.0.25+fcdff87f5d/4680f760ffbd28c38f899488ded76fd7c26082c8/fabric-transfer-api-v1-8.0.25+fcdff87f5d.jar:/home/runner/.gradle/caches/modules-2/files-2.1/net.fabricmc.fabric-api/fabric-api-lookup-api-v1/2.0.24+3434d6d95d/29c412a6baf8e69bf71cab6b7a65b5096ff29a3/fabric-api-lookup-api-v1-2.0.24+3434d6d95d.jar:/home/runner/.gradle/caches/modules-2/files-2.1/net.fabricmc.fabric-api/fabric-block-api-v1/3.1.0+0ae6f9115d/78badf0c664259627830111f2ac0ad2f9f0ff2f7/fabric-block-api-v1-3.1.0+0ae6f9115d.jar:/home/runner/.gradle/caches/modules-2/files-2.1/net.fabricmc.fabric-api/fabric-command-api-v2/3.1.2+fcdff87f5d/69de6c0f1f5926309dad2cd9569027a6d4d99493/fabric-command-api-v2-3.1.2+fcdff87f5d.jar:/home/runner/.gradle/caches/modules-2/files-2.1/net.fabricmc.fabric-api/fabric-content-registries-v0/15.0.4+74ed1ea55d/c316198aeaa747228437e01f8c81efb134dca9f2/fabric-content-registries-v0-15.0.4+74ed1ea55d.jar:/home/runner/.gradle/caches/modules-2/files-2.1/net.fabricmc.fabric-api/fabric-data-generation-api-v1/27.2.4+427eab975d/55b45df85af5f43366fc4a0943f9bf3d5950d2c/fabric-data-generation-api-v1-27.2.4+427eab975d.jar:/home/runner/.gradle/caches/modules-2/files-2.1/net.fabricmc.fabric-api/fabric-convention-tags-v2/4.10.3+6b5b47fd5d/4e4591576deeb6317809bc11e50ecf32a0212c1f/fabric-convention-tags-v2-4.10.3+6b5b47fd5d.jar:/home/runner/.gradle/caches/modules-2/files-2.1/net.fabricmc.fabric-api/fabric-creative-tab-api-v1/5.0.21+fcdff87f5d/c0d1736c1f7b6166f1925eb0bd79f9c97cd1494/fabric-creative-tab-api-v1-5.0.21+fcdff87f5d.jar:/home/runner/.gradle/caches/modules-2/files-2.1/net.fabricmc.fabric-api/fabric-data-attachment-api-v1/2.2.30+3434d6d95d/b31a17053b2113fde7011d5caa54871071f38fe/fabric-data-attachment-api-v1-2.2.30+3434d6d95d.jar:/home/runner/.gradle/caches/modules-2/files-2.1/net.fabricmc.fabric-api/fabric-debug-api-v1/1.0.4+3434d6d95d/e4812b5812a9d92b97604bdf2737780d3cc7612e/fabric-debug-api-v1-1.0.4+3434d6d95d.jar:/home/runner/.gradle/caches/modules-2/files-2.1/net.fabricmc.fabric-api/fabric-dimensions-v1/5.1.19+47f74c985d/2d10026da0876c1e887b512b26d2813a1646c132/fabric-dimensions-v1-5.1.19+47f74c985d.jar:/home/runner/.gradle/caches/modules-2/files-2.1/net.fabricmc.fabric-api/fabric-entity-events-v1/6.0.4+3434d6d95d/731754a9bdfc6784a41d8fb17cd6c08f58fe31e0/fabric-entity-events-v1-6.0.4+3434d6d95d.jar:/home/runner/.gradle/caches/modules-2/files-2.1/net.fabricmc.fabric-api/fabric-events-interaction-v0/5.3.6+3434d6d95d/de80f4728f8559f8e126b857288af8a27da57b81/fabric-events-interaction-v0-5.3.6+3434d6d95d.jar:/home/runner/.gradle/caches/modules-2/files-2.1/net.fabricmc.fabric-api/fabric-game-rule-api-v1/4.0.10+3434d6d95d/3f73b9e94995f6f8a0d38955b98b67ac8d6bb089/fabric-game-rule-api-v1-4.0.10+3434d6d95d.jar:/home/runner/.gradle/caches/modules-2/files-2.1/net.fabricmc.fabric-api/fabric-gametest-api-v1/4.0.32+3434d6d95d/ced6a55e4623994919224b07750f05231dad8c22/fabric-gametest-api-v1-4.0.32+3434d6d95d.jar:/home/runner/.gradle/caches/modules-2/files-2.1/net.fabricmc.fabric-api/fabric-item-api-v1/14.7.0+cf6bc2db5d/9d9e319928f67f49029c86ae56d0414997a534ac/fabric-item-api-v1-14.7.0+cf6bc2db5d.jar:/home/runner/.gradle/caches/modules-2/files-2.1/net.fabricmc.fabric-api/fabric-recipe-api-v1/10.0.8+fcdff87f5d/16ab72f3b3cc37f758a1ac01817b3909b02ce736/fabric-recipe-api-v1-10.0.8+fcdff87f5d.jar:/home/runner/.gradle/caches/modules-2/files-2.1/net.fabricmc.fabric-api/fabric-model-loading-api-v1/8.0.35+fcdff87f5d/51079fee66e5b86d8092981bb1cd19d40a97491e/fabric-model-loading-api-v1-8.0.35+fcdff87f5d.jar:/home/runner/.gradle/caches/modules-2/files-2.1/net.fabricmc.fabric-api/fabric-renderer-indigo/9.1.23+b9d63e335d/d3277e5c11edc7f939ac3ed7f189de56905561c7/fabric-renderer-indigo-9.1.23+b9d63e335d.jar:/home/runner/.gradle/caches/modules-2/files-2.1/net.fabricmc.fabric-api/fabric-renderer-api-v1/17.0.15+79385d0b5d/48172c900e57dbf125490cd132e04fdfdecac7e8/fabric-renderer-api-v1-17.0.15+79385d0b5d.jar:/home/runner/.gradle/caches/modules-2/files-2.1/net.fabricmc.fabric-api/fabric-rendering-v1/27.0.14+901a437c5d/b7b356249f2c16fa58410e8c7694c75f0468a403/fabric-rendering-v1-27.0.14+901a437c5d.jar:/home/runner/.gradle/caches/modules-2/files-2.1/net.fabricmc.fabric-api/fabric-lifecycle-events-v1/4.1.9+ffef5f675d/4184b98a6c1dbfcf6c63dab29cf7f5812d9eaf73/fabric-lifecycle-events-v1-4.1.9+ffef5f675d.jar:/home/runner/.gradle/caches/modules-2/files-2.1/net.fabricmc.fabric-api/fabric-loot-api-v3/4.0.8+4068fd645d/3f74e49f671c5ef812512b9ff6ca35a531f06cf7/fabric-loot-api-v3-4.0.8+4068fd645d.jar:/home/runner/.gradle/caches/modules-2/files-2.1/net.fabricmc.fabric-api/fabric-menu-api-v1/2.0.27+ed66f0a35d/5f52c5da57fbbdd96604ed12bcec0a0fba779dfe/fabric-menu-api-v1-2.0.27+ed66f0a35d.jar:/home/runner/.gradle/caches/modules-2/files-2.1/net.fabricmc.fabric-api/fabric-message-api-v1/7.0.10+3434d6d95d/5b224f019d030f7bb70584866f4f6329fa9a21b3/fabric-message-api-v1-7.0.10+3434d6d95d.jar:/home/runner/.gradle/caches/modules-2/files-2.1/net.fabricmc.fabric-api/fabric-client-gametest-api-v1/6.0.7+4be74c3f5d/b5512c68896b9692f81db7ddc5f2f6d72b18615/fabric-client-gametest-api-v1-6.0.7+4be74c3f5d.jar:/home/runner/.gradle/caches/modules-2/files-2.1/net.fabricmc.fabric-api/fabric-particles-v1/5.0.24+3434d6d95d/f737b753bad5f3b94d9d07985853539f4c6ee416/fabric-particles-v1-5.0.24+3434d6d95d.jar:/home/runner/.gradle/caches/modules-2/files-2.1/net.fabricmc.fabric-api/fabric-object-builder-api-v1/24.1.9+3434d6d95d/24f679e28b1c3a4fd44b339a03161774f880139/fabric-object-builder-api-v1-24.1.9+3434d6d95d.jar:/home/runner/.gradle/caches/modules-2/files-2.1/net.fabricmc.fabric-api/fabric-registry-sync-v0/8.0.1+fcdff87f5d/7c5c6642c01a0d37abccc8546b86833ca2c9e667/fabric-registry-sync-v0-8.0.1+fcdff87f5d.jar:/home/runner/.gradle/caches/modules-2/files-2.1/net.fabricmc.fabric-api/fabric-networking-api-v1/6.3.8+fcdff87f5d/1487018aa4c0cc74d0e32b89c5b2da9b1c00ebb8/fabric-networking-api-v1-6.3.8+fcdff87f5d.jar:/home/runner/.gradle/caches/modules-2/files-2.1/net.fabricmc.fabric-api/fabric-permission-api-v1/1.0.8+fcdff87f5d/b5ffb6d1e882755032aa6b79265e32699be57c88/fabric-permission-api-v1-1.0.8+fcdff87f5d.jar:/home/runner/.gradle/caches/modules-2/files-2.1/net.fabricmc.fabric-api/fabric-rendering-fluids-v1/6.0.6+3434d6d95d/f346710e5fb0751998cb84d4772b1b2827e1ad57/fabric-rendering-fluids-v1-6.0.6+3434d6d95d.jar:/home/runner/.gradle/caches/modules-2/files-2.1/net.fabricmc.fabric-api/fabric-tag-api-v1/2.1.10+fcdff87f5d/6b70d67fcea94ef97a08cda0d7810fd89238a83/fabric-tag-api-v1-2.1.10+fcdff87f5d.jar:/home/runner/.gradle/caches/modules-2/files-2.1/net.fabricmc.fabric-api/fabric-resource-loader-v0/3.3.26+4fc5413f5d/2fd2238d86a13d9f43244d030ae0a33ee8e4d092/fabric-resource-loader-v0-3.3.26+4fc5413f5d.jar:/home/runner/.gradle/caches/modules-2/files-2.1/net.fabricmc.fabric-api/fabric-resource-loader-v1/3.0.4+fcdff87f5d/23991cd88d413af9c9bc9fdaa43e1a4f7156917a/fabric-resource-loader-v1-3.0.4+fcdff87f5d.jar:/home/runner/.gradle/caches/modules-2/files-2.1/net.fabricmc.fabric-api/fabric-screen-api-v1/5.2.4+48607d035d/43207d0cbe1a0098cc0281b62a9a246f05771f9d/fabric-screen-api-v1-5.2.4+48607d035d.jar:/home/runner/.gradle/caches/modules-2/files-2.1/net.fabricmc.fabric-api/fabric-api-base/2.0.6+fcdff87f5d/449053de5093613bbdf6d439bedd431a7ad77da2/fabric-api-base-2.0.6+fcdff87f5d.jar:/home/runner/.gradle/caches/modules-2/files-2.1/net.fabricmc.fabric-api/fabric-biome-api-v1/20.0.9+74ed1ea55d/587c148a61dd7b76db105d39f556dd741fbbbe2f/fabric-biome-api-v1-20.0.9+74ed1ea55d.jar:/home/runner/.gradle/caches/modules-2/files-2.1/net.fabricmc.fabric-api/fabric-block-getter-api-v2/2.0.9+3434d6d95d/56fd2980cfdb2e557bd51dfa743d92bb7befcdb6/fabric-block-getter-api-v2-2.0.9+3434d6d95d.jar:/home/runner/.gradle/caches/modules-2/files-2.1/net.fabricmc.fabric-api/fabric-crash-report-info-v1/1.0.7+fcdff87f5d/a5531952f47841e359bc2ca8cb807add8c76c5c5/fabric-crash-report-info-v1-1.0.7+fcdff87f5d.jar:/home/runner/.gradle/caches/modules-2/files-2.1/net.fabricmc.fabric-api/fabric-key-mapping-api-v1/2.0.8+3434d6d95d/89eb86ef13d05ebc9f725f0c55d9db69abc6fc06/fabric-key-mapping-api-v1-2.0.8+3434d6d95d.jar:/home/runner/.gradle/caches/modules-2/files-2.1/net.fabricmc.fabric-api/fabric-resource-conditions-api-v1/6.1.5+3434d6d95d/c009f3d1b43e3e26053d4809055b265bbbfa7044/fabric-resource-conditions-api-v1-6.1.5+3434d6d95d.jar:/home/runner/.gradle/caches/modules-2/files-2.1/net.fabricmc.fabric-api/fabric-serialization-api-v1/2.0.7+74ed1ea55d/6461e300b93b46986d74f092660dd9d39a1125c0/fabric-serialization-api-v1-2.0.7+74ed1ea55d.jar:/home/runner/.gradle/caches/modules-2/files-2.1/net.fabricmc.fabric-api/fabric-sound-api-v1/2.0.7+3434d6d95d/59e460c1b9e943d662fd0827f0461ff60b7f23d1/fabric-sound-api-v1-2.0.7+3434d6d95d.jar:/home/runner/.gradle/caches/modules-2/files-2.1/net.fabricmc.fabric-api/fabric-transitive-access-wideners-v1/8.1.16+52268a0e5d/8322e1bc6d3e3993dce826a41f4a199944269bcb/fabric-transitive-access-wideners-v1-8.1.16+52268a0e5d.jar:/home/runner/work/dddddd/dddddd/fabric-mod/build/classes/java/main:/home/runner/work/dddddd/dddddd/fabric-mod/build/resources/main)
	at knot//com.sun.jna.NativeLibrary.loadLibrary(NativeLibrary.java:325)
	at knot//com.sun.jna.NativeLibrary.getInstance(NativeLibrary.java:481)
	at knot//com.sun.jna.NativeLibrary.getInstance(NativeLibrary.java:423)
	at knot//com.mojang.text2speech.NarratorLinux$FliteLibrary.loadNative(NarratorLinux.java:80)
	... 9 more
	Suppressed: java.lang.UnsatisfiedLinkError: libflite.so: cannot open shared object file: No such file or directory
		at knot//com.sun.jna.Native.open(Native Method)
		at knot//com.sun.jna.NativeLibrary.loadLibrary(NativeLibrary.java:213)
		... 12 more
	Suppressed: java.lang.UnsatisfiedLinkError: libflite.so: cannot open shared object file: No such file or directory
		at knot//com.sun.jna.Native.open(Native Method)
		at knot//com.sun.jna.NativeLibrary.loadLibrary(NativeLibrary.java:226)
		... 12 more
	Suppressed: java.io.IOException: Native library (linux-x86-64/libflite.so) not found in resource path (/home/runner/work/dddddd/dddddd/fabric-mod/build/classes/java/client:/home/runner/work/dddddd/dddddd/fabric-mod/build/resources/client:/home/runner/.gradle/caches/modules-2/files-2.1/net.fabricmc/fabric-loader/0.19.5/ff9e65cffca4a67f31523e1807fe0855940fcbfa/fabric-loader-0.19.5.jar:/home/runner/.gradle/caches/modules-2/files-2.1/net.fabricmc.fabric-api/fabric-api/0.161.0+26.3/53f9ee02c3702734d90520aa8c9719bf0e1c8d4f/fabric-api-0.161.0+26.3.jar:/home/runner/.gradle/caches/modules-2/files-2.1/org.ow2.asm/asm/9.10.1/ada2141c0cc52ee8f5c48cd5fa4ce0e794f22236/asm-9.10.1.jar:/home/runner/.gradle/caches/modules-2/files-2.1/org.ow2.asm/asm-analysis/9.10.1/8d49f14d51f632cb1d87c88d1ceaf50db0d8af1b/asm-analysis-9.10.1.jar:/home/runner/.gradle/caches/modules-2/files-2.1/org.ow2.asm/asm-commons/9.10.1/4229e4c55fd8e01c23f9fe9884075cc628aacc50/asm-commons-9.10.1.jar:/home/runner/.gradle/caches/modules-2/files-2.1/org.ow2.asm/asm-tree/9.10.1/e244332a17564c1d1572449399a842de35881be2/asm-tree-9.10.1.jar:/home/runner/.gradle/caches/modules-2/files-2.1/org.ow2.asm/asm-util/9.10.1/7bb9d450e8d4cbf9f9e04096c44bbfe7fba80b15/asm-util-9.10.1.jar:/home/runner/.gradle/caches/modules-2/files-2.1/net.fabricmc/sponge-mixin/0.17.4+mixin.0.8.7/5f66cc9f59b8efaa942155a3d5a30599bf6640dd/sponge-mixin-0.17.4+mixin.0.8.7.jar:/home/runner/.gradle/caches/modules-2/files-2.1/io.github.llamalad7/mixinextras-fabric/0.5.5/d1055b99c0ab08a8403fe2da3d79ca28e6340a76/mixinextras-fabric-0.5.5.jar:/home/runner/.gradle/caches/modules-2/files-2.1/net.fabricmc/dev-launch-injector/0.2.1+build.8/da8bef7e6e2f952da707f282bdb46882a0fce5e3/dev-launch-injector-0.2.1+build.8.jar:/home/runner/.gradle/caches/modules-2/files-2.1/net.fabricmc/fabric-log4j-util/1.0.2/ef0b3fb613356feb75a67d54f2fad6f03a006648/fabric-log4j-util-1.0.2.jar:/home/runner/.gradle/caches/modules-2/files-2.1/at.yawk.lz4/lz4-java/1.10.1/f541d7f910fe3d76f38f799c507c48cc81b12ecb/lz4-java-1.10.1.jar:/home/runner/.gradle/caches/modules-2/files-2.1/com.azure/azure-json/1.4.0/fcc1d354dbc3e0300e5276b1bf124d0247799cd8/azure-json-1.4.0.jar:/home/runner/.gradle/caches/modules-2/files-2.1/com.github.oshi/oshi-core/6.9.0/3224870731860cfcd7744581a05b559e94291e7/oshi-core-6.9.0.jar:/home/runner/.gradle/caches/modules-2/files-2.1/com.google.code.gson/gson/2.14.0/efc0e34ede4e3204eaefb84a00e55e8c86634382/gson-2.14.0.jar:/home/runner/.gradle/caches/modules-2/files-2.1/com.google.guava/failureaccess/1.0.3/aeaffd00d57023a2c947393ed251f0354f0985fc/failureaccess-1.0.3.jar:/home/runner/.gradle/caches/modules-2/files-2.1/com.google.guava/guava/33.6.0-jre/c376b13067cc99a5774403530953f7b05a91e218/guava-33.6.0-jre.jar:/home/runner/.gradle/caches/modules-2/files-2.1/com.ibm.icu/icu4j/78.3/6a851a53bb1f25689fc418dcc8935b0d93580adf/icu4j-78.3.jar:/home/runner/.gradle/caches/modules-2/files-2.1/com.microsoft.azure/msal4j/1.24.1/c233f2d047b9755f7041adf21a858c680e4c9242/msal4j-1.24.1.jar:/home/runner/.gradle/caches/modules-2/files-2.1/com.mojang/authlib/10.0.77/add8754cda96cf0cd840441632875648836f8a71/authlib-10.0.77.jar:/home/runner/.gradle/caches/modules-2/files-2.1/com.mojang/blocklist/1.0.10/5c685c5ffa94c4cd39496c7184c1d122e515ecef/blocklist-1.0.10.jar:/home/runner/.gradle/caches/modules-2/files-2.1/com.mojang/brigadier/1.3.11/3373d1e7bf00c8b99bed1ea4efb8c47344e4a887/brigadier-1.3.11.jar:/home/runner/.gradle/caches/modules-2/files-2.1/com.mojang/datafixerupper/10.0.21/b6b2ae770c02e0c1eb90f9985b151e9085a38d0b/datafixerupper-10.0.21.jar:/home/runner/.gradle/caches/modules-2/files-2.1/com.mojang/jtracy/1.14.38/cc2ad81342001b4281c305a298d7f50332354058/jtracy-1.14.38.jar:/home/runner/.gradle/caches/modules-2/files-2.1/com.mojang/jtracy/1.14.38/d2433300f8a4e99595d513546d19ecddc3eaa15e/jtracy-1.14.38-natives-linux.jar:/home/runner/.gradle/caches/modules-2/files-2.1/com.mojang/logging/1.7.12/351cea64a5233361327d8d54c44277041beed97f/logging-1.7.12.jar:/home/runner/.gradle/caches/modules-2/files-2.1/com.mojang/patchy/2.2.10/da05971b07cbb379d002cf7eaec6a2048211fefc/patchy-2.2.10.jar:/home/runner/.gradle/caches/modules-2/files-2.1/com.mojang/text2speech/1.19.12/2e517a75c79d34d32de2b5d68422150836c2133e/text2speech-1.19.12.jar:/home/runner/.gradle/caches/modules-2/files-2.1/commons-codec/commons-codec/1.22.0/6b3eb4beb7058c2a638f5f17bcb388649fd339dd/commons-codec-1.22.0.jar:/home/runner/.gradle/caches/modules-2/files-2.1/commons-io/commons-io/2.20.0/36f3474daec2849c149e877614e7f979b2082cd2/commons-io-2.20.0.jar:/home/runner/.gradle/caches/modules-2/files-2.1/io.netty/netty-buffer/4.2.16.Final/5397ef65dcb60670e0e0dba4854522873af3070/netty-buffer-4.2.16.Final.jar:/home/runner/.gradle/caches/modules-2/files-2.1/io.netty/netty-codec-base/4.2.16.Final/1a01d45a9efc228c6d747525848b065e0656b5f/netty-codec-base-4.2.16.Final.jar:/home/runner/.gradle/caches/modules-2/files-2.1/io.netty/netty-codec-compression/4.2.16.Final/bdbbcfcdbe217b95c14a04df4fc5d31213d5c27c/netty-codec-compression-4.2.16.Final.jar:/home/runner/.gradle/caches/modules-2/files-2.1/io.netty/netty-codec-http/4.2.16.Final/b5e0715df90047ee5a0138c8f704f43c751009e4/netty-codec-http-4.2.16.Final.jar:/home/runner/.gradle/caches/modules-2/files-2.1/io.netty/netty-common/4.2.16.Final/c2bc7fa5acfa2afc777e944d84f0aa65559cc81e/netty-common-4.2.16.Final.jar:/home/runner/.gradle/caches/modules-2/files-2.1/io.netty/netty-handler/4.2.16.Final/cc82873ae4b6d14effe480740ad838de09add70d/netty-handler-4.2.16.Final.jar:/home/runner/.gradle/caches/modules-2/files-2.1/io.netty/netty-resolver/4.2.16.Final/fcea6d64273b59ab9127b68c16ae98af34642139/netty-resolver-4.2.16.Final.jar:/home/runner/.gradle/caches/modules-2/files-2.1/io.netty/netty-transport-classes-epoll/4.2.16.Final/cf90c7b892e284ba9f1545dce170168369b3b9d6/netty-transport-classes-epoll-4.2.16.Final.jar:/home/runner/.gradle/caches/modules-2/files-2.1/io.netty/netty-transport-classes-kqueue/4.2.16.Final/fa2bcf8c71626510f6fae173f78182117b70f7a/netty-transport-classes-kqueue-4.2.16.Final.jar:/home/runner/.gradle/caches/modules-2/files-2.1/io.netty/netty-transport-native-epoll/4.2.16.Final/eed34f3b37b4c46a0cbb49456ccc4e3bd7195e4c/netty-transport-native-epoll-4.2.16.Final-linux-aarch_64.jar:/home/runner/.gradle/caches/modules-2/files-2.1/io.netty/netty-transport-native-epoll/4.2.16.Final/439c24f5c27c220deb042b42e4048d606edeb78d/netty-transport-native-epoll-4.2.16.Final-linux-x86_64.jar:/home/runner/.gradle/caches/modules-2/files-2.1/io.netty/netty-transport-native-unix-common/4.2.16.Final/3cf32390f1b80af890ac44aa0698c2ff58c2a4d7/netty-transport-native-unix-common-4.2.16.Final.jar:/home/runner/.gradle/caches/modules-2/files-2.1/io.netty/netty-transport/4.2.16.Final/ae87a3bec51d503475a19fbd718bf777f2fc06c6/netty-transport-4.2.16.Final.jar:/home/runner/.gradle/caches/modules-2/files-2.1/it.unimi.dsi/fastutil/8.5.18/a6cff377eecc19c2037bf31568a6d7106b50ba1f/fastutil-8.5.18.jar:/home/runner/.gradle/caches/modules-2/files-2.1/net.java.dev.jna/jna-platform/5.17.0/a4934c44d25a9d8c2ddf4203affd20330cb3426f/jna-platform-5.17.0.jar:/home/runner/.gradle/caches/modules-2/files-2.1/net.java.dev.jna/jna/5.17.0/33d12735bef894440780fce64f9758d420c7bae2/jna-5.17.0.jar:/home/runner/.gradle/caches/modules-2/files-2.1/net.sf.jopt-simple/jopt-simple/5.0.4/4fdac2fbe92dfad86aa6e9301736f6b4342a3f5c/jopt-simple-5.0.4.jar:/home/runner/.gradle/caches/modules-2/files-2.1/org.apache.commons/commons-compress/1.28.0/e482f2c7a88dac3c497e96aa420b6a769f59c8d7/commons-compress-1.28.0.jar:/home/runner/.gradle/caches/modules-2/files-2.1/org.apache.commons/commons-lang3/3.20.0/65897b3e5731220962e659e001904af3c3cbeba9/commons-lang3-3.20.0.jar:/home/runner/.gradle/caches/modules-2/files-2.1/org.apache.logging.log4j/log4j-api/2.26.0/ad52af0ecf054a7e3f275a2e180ee06d9c490951/log4j-api-2.26.0.jar:/home/runner/.gradle/caches/modules-2/files-2.1/org.apache.logging.log4j/log4j-core/2.26.0/d267ca60b27ddb075e0b4e75e7875859717bf85f/log4j-core-2.26.0.jar:/home/runner/.gradle/caches/modules-2/files-2.1/org.apache.logging.log4j/log4j-slf4j2-impl/2.26.0/668c0f0e813d83f00a7182533aa658ec7e7a0a0d/log4j-slf4j2-impl-2.26.0.jar:/home/runner/.gradle/caches/modules-2/files-2.1/org.jcraft/jorbis/0.0.17/8872d22b293e8f5d7d56ff92be966e6dc28ebdc6/jorbis-0.0.17.jar:/home/runner/.gradle/caches/modules-2/files-2.1/org.joml/joml/1.10.9/438e036486bad66b189bff385dd07dea4f74a146/joml-1.10.9.jar:/home/runner/.gradle/caches/modules-2/files-2.1/org.jspecify/jspecify/1.0.0/7425a601c1c7ec76645a78d22b8c6a627edee507/jspecify-1.0.0.jar:/home/runner/.gradle/caches/modules-2/files-2.1/org.lwjgl/lwjgl-freetype/3.4.3/d2b12961d44f92860fb1ab501f9c69b7a2975236/lwjgl-freetype-3.4.3.jar:/home/runner/.gradle/caches/modules-2/files-2.1/org.lwjgl/lwjgl-freetype/3.4.3/38f27c9a0fbe000bfb38b295c32944d699e246e9/lwjgl-freetype-3.4.3-natives-linux.jar:/home/runner/.gradle/caches/modules-2/files-2.1/org.lwjgl/lwjgl-jemalloc/3.4.3/350f317eaf5295b1e53f6664ef5fdeeaaa7dcbf0/lwjgl-jemalloc-3.4.3.jar:/home/runner/.gradle/caches/modules-2/files-2.1/org.lwjgl/lwjgl-jemalloc/3.4.3/ca21b4b4c6d223907de645a18436ef6f677a5d4f/lwjgl-jemalloc-3.4.3-natives-linux.jar:/home/runner/.gradle/caches/modules-2/files-2.1/org.lwjgl/lwjgl-openal/3.4.3/32b52cda5af6937a4e4bd321bdb83082025cb332/lwjgl-openal-3.4.3.jar:/home/runner/.gradle/caches/modules-2/files-2.1/org.lwjgl/lwjgl-openal/3.4.3/7daa62f9f7b38b30e8a3d3bc7069e9b2e3cd52f0/lwjgl-openal-3.4.3-natives-linux.jar:/home/runner/.gradle/caches/modules-2/files-2.1/org.lwjgl/lwjgl-opengl/3.4.3/b81769ee48050f8c71e70839505f350bf9219d90/lwjgl-opengl-3.4.3.jar:/home/runner/.gradle/caches/modules-2/files-2.1/org.lwjgl/lwjgl-opengl/3.4.3/ec6fb42167943e94f7f0b14707c1737653c4044b/lwjgl-opengl-3.4.3-natives-linux.jar:/home/runner/.gradle/caches/modules-2/files-2.1/org.lwjgl/lwjgl-sdl/3.4.3/c02146735d6ff70d070c73532b435e5c893a346b/lwjgl-sdl-3.4.3.jar:/home/runner/.gradle/caches/modules-2/files-2.1/org.lwjgl/lwjgl-sdl/3.4.3/6ed1b80b7c211a491612c70e43f27ba1f42cccd0/lwjgl-sdl-3.4.3-natives-linux.jar:/home/runner/.gradle/caches/modules-2/files-2.1/org.lwjgl/lwjgl-shaderc/3.4.3/ba9fbc8fc4d50b3e4b436cc958ddb4abdb05867c/lwjgl-shaderc-3.4.3.jar:/home/runner/.gradle/caches/modules-2/files-2.1/org.lwjgl/lwjgl-shaderc/3.4.3/37faa5824f75901f4961e56805aedf68e13cf8b/lwjgl-shaderc-3.4.3-natives-linux.jar:/home/runner/.gradle/caches/modules-2/files-2.1/org.lwjgl/lwjgl-spvc/3.4.3/98e5b5ef5159100b26a169a9aed6c24e820e3eaa/lwjgl-spvc-3.4.3.jar:/home/runner/.gradle/caches/modules-2/files-2.1/org.lwjgl/lwjgl-spvc/3.4.3/709eb01deec4bdafb7634b125a63fd8de172fc50/lwjgl-spvc-3.4.3-natives-linux.jar:/home/runner/.gradle/caches/modules-2/files-2.1/org.lwjgl/lwjgl-stb/3.4.3/cdce54785bd3758e44a81f345d6260774d921c78/lwjgl-stb-3.4.3.jar:/home/runner/.gradle/caches/modules-2/files-2.1/org.lwjgl/lwjgl-stb/3.4.3/3878e44ce27c12791e570b5c8754ef3b68401dd3/lwjgl-stb-3.4.3-natives-linux.jar:/home/runner/.gradle/caches/modules-2/files-2.1/org.lwjgl/lwjgl-vma/3.4.3/816a6ac87f1e447e5346ca0e7a1078353f51fbd6/lwjgl-vma-3.4.3.jar:/home/runner/.gradle/caches/modules-2/files-2.1/org.lwjgl/lwjgl-vma/3.4.3/3a9a95d3e83f7fc49c6ed8d0e1c853b77662d90e/lwjgl-vma-3.4.3-natives-linux.jar:/home/runner/.gradle/caches/modules-2/files-2.1/org.lwjgl/lwjgl-vulkan/3.4.3/ffdaf1898192059f059d66f9fa37e3debcac10e0/lwjgl-vulkan-3.4.3.jar:/home/runner/.gradle/caches/modules-2/files-2.1/org.lwjgl/lwjgl/3.4.3/7ab5265a73d8a959ed62332d546536ae6be2f0d5/lwjgl-3.4.3.jar:/home/runner/.gradle/caches/modules-2/files-2.1/org.lwjgl/lwjgl/3.4.3/2800e134537db1a175eba41c430b1018eddc48f0/lwjgl-3.4.3-natives-linux.jar:/home/runner/.gradle/caches/modules-2/files-2.1/org.slf4j/slf4j-api/2.0.17/d9e58ac9c7779ba3bf8142aff6c830617a7fe60f/slf4j-api-2.0.17.jar:/home/runner/work/dddddd/dddddd/fabric-mod/.gradle/loom-cache/minecraftMaven/net/minecraft/minecraft-clientOnly-7e9a32a5b8/26.3/minecraft-clientOnly-7e9a32a5b8-26.3.jar:/home/runner/work/dddddd/dddddd/fabric-mod/.gradle/loom-cache/minecraftMaven/net/minecraft/minecraft-common-7e9a32a5b8/26.3/minecraft-common-7e9a32a5b8-26.3.jar:/home/runner/.gradle/caches/modules-2/files-2.1/io.netty/netty-transport-native-kqueue/4.2.16.Final/dd9d41b06355a6a1815d902ee087a693aab83755/netty-transport-native-kqueue-4.2.16.Final-osx-x86_64.jar:/home/runner/.gradle/caches/modules-2/files-2.1/io.netty/netty-transport-native-kqueue/4.2.16.Final/ddb942cad6c0e978caa2215757512b36c5ffacec/netty-transport-native-kqueue-4.2.16.Final-osx-aarch_64.jar:/home/runner/.gradle/caches/modules-2/files-2.1/net.fabricmc.fabric-api/fabric-advancement-api-v1/1.0.0+38c7a2d55d/54c209419f01d579761838892772d4196436752b/fabric-advancement-api-v1-1.0.0+38c7a2d55d.jar:/home/runner/.gradle/caches/modules-2/files-2.1/net.fabricmc.fabric-api/fabric-transfer-api-v1/8.0.25+fcdff87f5d/4680f760ffbd28c38f899488ded76fd7c26082c8/fabric-transfer-api-v1-8.0.25+fcdff87f5d.jar:/home/runner/.gradle/caches/modules-2/files-2.1/net.fabricmc.fabric-api/fabric-api-lookup-api-v1/2.0.24+3434d6d95d/29c412a6baf8e69bf71cab6b7a65b5096ff29a3/fabric-api-lookup-api-v1-2.0.24+3434d6d95d.jar:/home/runner/.gradle/caches/modules-2/files-2.1/net.fabricmc.fabric-api/fabric-block-api-v1/3.1.0+0ae6f9115d/78badf0c664259627830111f2ac0ad2f9f0ff2f7/fabric-block-api-v1-3.1.0+0ae6f9115d.jar:/home/runner/.gradle/caches/modules-2/files-2.1/net.fabricmc.fabric-api/fabric-command-api-v2/3.1.2+fcdff87f5d/69de6c0f1f5926309dad2cd9569027a6d4d99493/fabric-command-api-v2-3.1.2+fcdff87f5d.jar:/home/runner/.gradle/caches/modules-2/files-2.1/net.fabricmc.fabric-api/fabric-content-registries-v0/15.0.4+74ed1ea55d/c316198aeaa747228437e01f8c81efb134dca9f2/fabric-content-registries-v0-15.0.4+74ed1ea55d.jar:/home/runner/.gradle/caches/modules-2/files-2.1/net.fabricmc.fabric-api/fabric-data-generation-api-v1/27.2.4+427eab975d/55b45df85af5f43366fc4a0943f9bf3d5950d2c/fabric-data-generation-api-v1-27.2.4+427eab975d.jar:/home/runner/.gradle/caches/modules-2/files-2.1/net.fabricmc.fabric-api/fabric-convention-tags-v2/4.10.3+6b5b47fd5d/4e4591576deeb6317809bc11e50ecf32a0212c1f/fabric-convention-tags-v2-4.10.3+6b5b47fd5d.jar:/home/runner/.gradle/caches/modules-2/files-2.1/net.fabricmc.fabric-api/fabric-creative-tab-api-v1/5.0.21+fcdff87f5d/c0d1736c1f7b6166f1925eb0bd79f9c97cd1494/fabric-creative-tab-api-v1-5.0.21+fcdff87f5d.jar:/home/runner/.gradle/caches/modules-2/files-2.1/net.fabricmc.fabric-api/fabric-data-attachment-api-v1/2.2.30+3434d6d95d/b31a17053b2113fde7011d5caa54871071f38fe/fabric-data-attachment-api-v1-2.2.30+3434d6d95d.jar:/home/runner/.gradle/caches/modules-2/files-2.1/net.fabricmc.fabric-api/fabric-debug-api-v1/1.0.4+3434d6d95d/e4812b5812a9d92b97604bdf2737780d3cc7612e/fabric-debug-api-v1-1.0.4+3434d6d95d.jar:/home/runner/.gradle/caches/modules-2/files-2.1/net.fabricmc.fabric-api/fabric-dimensions-v1/5.1.19+47f74c985d/2d10026da0876c1e887b512b26d2813a1646c132/fabric-dimensions-v1-5.1.19+47f74c985d.jar:/home/runner/.gradle/caches/modules-2/files-2.1/net.fabricmc.fabric-api/fabric-entity-events-v1/6.0.4+3434d6d95d/731754a9bdfc6784a41d8fb17cd6c08f58fe31e0/fabric-entity-events-v1-6.0.4+3434d6d95d.jar:/home/runner/.gradle/caches/modules-2/files-2.1/net.fabricmc.fabric-api/fabric-events-interaction-v0/5.3.6+3434d6d95d/de80f4728f8559f8e126b857288af8a27da57b81/fabric-events-interaction-v0-5.3.6+3434d6d95d.jar:/home/runner/.gradle/caches/modules-2/files-2.1/net.fabricmc.fabric-api/fabric-game-rule-api-v1/4.0.10+3434d6d95d/3f73b9e94995f6f8a0d38955b98b67ac8d6bb089/fabric-game-rule-api-v1-4.0.10+3434d6d95d.jar:/home/runner/.gradle/caches/modules-2/files-2.1/net.fabricmc.fabric-api/fabric-gametest-api-v1/4.0.32+3434d6d95d/ced6a55e4623994919224b07750f05231dad8c22/fabric-gametest-api-v1-4.0.32+3434d6d95d.jar:/home/runner/.gradle/caches/modules-2/files-2.1/net.fabricmc.fabric-api/fabric-item-api-v1/14.7.0+cf6bc2db5d/9d9e319928f67f49029c86ae56d0414997a534ac/fabric-item-api-v1-14.7.0+cf6bc2db5d.jar:/home/runner/.gradle/caches/modules-2/files-2.1/net.fabricmc.fabric-api/fabric-recipe-api-v1/10.0.8+fcdff87f5d/16ab72f3b3cc37f758a1ac01817b3909b02ce736/fabric-recipe-api-v1-10.0.8+fcdff87f5d.jar:/home/runner/.gradle/caches/modules-2/files-2.1/net.fabricmc.fabric-api/fabric-model-loading-api-v1/8.0.35+fcdff87f5d/51079fee66e5b86d8092981bb1cd19d40a97491e/fabric-model-loading-api-v1-8.0.35+fcdff87f5d.jar:/home/runner/.gradle/caches/modules-2/files-2.1/net.fabricmc.fabric-api/fabric-renderer-indigo/9.1.23+b9d63e335d/d3277e5c11edc7f939ac3ed7f189de56905561c7/fabric-renderer-indigo-9.1.23+b9d63e335d.jar:/home/runner/.gradle/caches/modules-2/files-2.1/net.fabricmc.fabric-api/fabric-renderer-api-v1/17.0.15+79385d0b5d/48172c900e57dbf125490cd132e04fdfdecac7e8/fabric-renderer-api-v1-17.0.15+79385d0b5d.jar:/home/runner/.gradle/caches/modules-2/files-2.1/net.fabricmc.fabric-api/fabric-rendering-v1/27.0.14+901a437c5d/b7b356249f2c16fa58410e8c7694c75f0468a403/fabric-rendering-v1-27.0.14+901a437c5d.jar:/home/runner/.gradle/caches/modules-2/files-2.1/net.fabricmc.fabric-api/fabric-lifecycle-events-v1/4.1.9+ffef5f675d/4184b98a6c1dbfcf6c63dab29cf7f5812d9eaf73/fabric-lifecycle-events-v1-4.1.9+ffef5f675d.jar:/home/runner/.gradle/caches/modules-2/files-2.1/net.fabricmc.fabric-api/fabric-loot-api-v3/4.0.8+4068fd645d/3f74e49f671c5ef812512b9ff6ca35a531f06cf7/fabric-loot-api-v3-4.0.8+4068fd645d.jar:/home/runner/.gradle/caches/modules-2/files-2.1/net.fabricmc.fabric-api/fabric-menu-api-v1/2.0.27+ed66f0a35d/5f52c5da57fbbdd96604ed12bcec0a0fba779dfe/fabric-menu-api-v1-2.0.27+ed66f0a35d.jar:/home/runner/.gradle/caches/modules-2/files-2.1/net.fabricmc.fabric-api/fabric-message-api-v1/7.0.10+3434d6d95d/5b224f019d030f7bb70584866f4f6329fa9a21b3/fabric-message-api-v1-7.0.10+3434d6d95d.jar:/home/runner/.gradle/caches/modules-2/files-2.1/net.fabricmc.fabric-api/fabric-client-gametest-api-v1/6.0.7+4be74c3f5d/b5512c68896b9692f81db7ddc5f2f6d72b18615/fabric-client-gametest-api-v1-6.0.7+4be74c3f5d.jar:/home/runner/.gradle/caches/modules-2/files-2.1/net.fabricmc.fabric-api/fabric-particles-v1/5.0.24+3434d6d95d/f737b753bad5f3b94d9d07985853539f4c6ee416/fabric-particles-v1-5.0.24+3434d6d95d.jar:/home/runner/.gradle/caches/modules-2/files-2.1/net.fabricmc.fabric-api/fabric-object-builder-api-v1/24.1.9+3434d6d95d/24f679e28b1c3a4fd44b339a03161774f880139/fabric-object-builder-api-v1-24.1.9+3434d6d95d.jar:/home/runner/.gradle/caches/modules-2/files-2.1/net.fabricmc.fabric-api/fabric-registry-sync-v0/8.0.1+fcdff87f5d/7c5c6642c01a0d37abccc8546b86833ca2c9e667/fabric-registry-sync-v0-8.0.1+fcdff87f5d.jar:/home/runner/.gradle/caches/modules-2/files-2.1/net.fabricmc.fabric-api/fabric-networking-api-v1/6.3.8+fcdff87f5d/1487018aa4c0cc74d0e32b89c5b2da9b1c00ebb8/fabric-networking-api-v1-6.3.8+fcdff87f5d.jar:/home/runner/.gradle/caches/modules-2/files-2.1/net.fabricmc.fabric-api/fabric-permission-api-v1/1.0.8+fcdff87f5d/b5ffb6d1e882755032aa6b79265e32699be57c88/fabric-permission-api-v1-1.0.8+fcdff87f5d.jar:/home/runner/.gradle/caches/modules-2/files-2.1/net.fabricmc.fabric-api/fabric-rendering-fluids-v1/6.0.6+3434d6d95d/f346710e5fb0751998cb84d4772b1b2827e1ad57/fabric-rendering-fluids-v1-6.0.6+3434d6d95d.jar:/home/runner/.gradle/caches/modules-2/files-2.1/net.fabricmc.fabric-api/fabric-tag-api-v1/2.1.10+fcdff87f5d/6b70d67fcea94ef97a08cda0d7810fd89238a83/fabric-tag-api-v1-2.1.10+fcdff87f5d.jar:/home/runner/.gradle/caches/modules-2/files-2.1/net.fabricmc.fabric-api/fabric-resource-loader-v0/3.3.26+4fc5413f5d/2fd2238d86a13d9f43244d030ae0a33ee8e4d092/fabric-resource-loader-v0-3.3.26+4fc5413f5d.jar:/home/runner/.gradle/caches/modules-2/files-2.1/net.fabricmc.fabric-api/fabric-resource-loader-v1/3.0.4+fcdff87f5d/23991cd88d413af9c9bc9fdaa43e1a4f7156917a/fabric-resource-loader-v1-3.0.4+fcdff87f5d.jar:/home/runner/.gradle/caches/modules-2/files-2.1/net.fabricmc.fabric-api/fabric-screen-api-v1/5.2.4+48607d035d/43207d0cbe1a0098cc0281b62a9a246f05771f9d/fabric-screen-api-v1-5.2.4+48607d035d.jar:/home/runner/.gradle/caches/modules-2/files-2.1/net.fabricmc.fabric-api/fabric-api-base/2.0.6+fcdff87f5d/449053de5093613bbdf6d439bedd431a7ad77da2/fabric-api-base-2.0.6+fcdff87f5d.jar:/home/runner/.gradle/caches/modules-2/files-2.1/net.fabricmc.fabric-api/fabric-biome-api-v1/20.0.9+74ed1ea55d/587c148a61dd7b76db105d39f556dd741fbbbe2f/fabric-biome-api-v1-20.0.9+74ed1ea55d.jar:/home/runner/.gradle/caches/modules-2/files-2.1/net.fabricmc.fabric-api/fabric-block-getter-api-v2/2.0.9+3434d6d95d/56fd2980cfdb2e557bd51dfa743d92bb7befcdb6/fabric-block-getter-api-v2-2.0.9+3434d6d95d.jar:/home/runner/.gradle/caches/modules-2/files-2.1/net.fabricmc.fabric-api/fabric-crash-report-info-v1/1.0.7+fcdff87f5d/a5531952f47841e359bc2ca8cb807add8c76c5c5/fabric-crash-report-info-v1-1.0.7+fcdff87f5d.jar:/home/runner/.gradle/caches/modules-2/files-2.1/net.fabricmc.fabric-api/fabric-key-mapping-api-v1/2.0.8+3434d6d95d/89eb86ef13d05ebc9f725f0c55d9db69abc6fc06/fabric-key-mapping-api-v1-2.0.8+3434d6d95d.jar:/home/runner/.gradle/caches/modules-2/files-2.1/net.fabricmc.fabric-api/fabric-resource-conditions-api-v1/6.1.5+3434d6d95d/c009f3d1b43e3e26053d4809055b265bbbfa7044/fabric-resource-conditions-api-v1-6.1.5+3434d6d95d.jar:/home/runner/.gradle/caches/modules-2/files-2.1/net.fabricmc.fabric-api/fabric-serialization-api-v1/2.0.7+74ed1ea55d/6461e300b93b46986d74f092660dd9d39a1125c0/fabric-serialization-api-v1-2.0.7+74ed1ea55d.jar:/home/runner/.gradle/caches/modules-2/files-2.1/net.fabricmc.fabric-api/fabric-sound-api-v1/2.0.7+3434d6d95d/59e460c1b9e943d662fd0827f0461ff60b7f23d1/fabric-sound-api-v1-2.0.7+3434d6d95d.jar:/home/runner/.gradle/caches/modules-2/files-2.1/net.fabricmc.fabric-api/fabric-transitive-access-wideners-v1/8.1.16+52268a0e5d/8322e1bc6d3e3993dce826a41f4a199944269bcb/fabric-transitive-access-wideners-v1-8.1.16+52268a0e5d.jar:/home/runner/work/dddddd/dddddd/fabric-mod/build/classes/java/main:/home/runner/work/dddddd/dddddd/fabric-mod/build/resources/main)
		at knot//com.sun.jna.Native.extractFromResourcePath(Native.java:1141)
		at knot//com.sun.jna.NativeLibrary.loadLibrary(NativeLibrary.java:297)
		... 12 more
[22:12:32] [Render thread/INFO] (Minecraft) Reloading ResourceManager: vanilla, vanilla, entersift, fabric-advancement-api-v1, fabric-api, fabric-api-base, fabric-api-lookup-api-v1, fabric-biome-api-v1, fabric-block-api-v1, fabric-block-getter-api-v2, fabric-client-gametest-api-v1, fabric-command-api-v2, fabric-content-registries-v0, fabric-convention-tags-v2, fabric-crash-report-info-v1, fabric-creative-tab-api-v1, fabric-data-attachment-api-v1, fabric-data-generation-api-v1, fabric-debug-api-v1, fabric-dimensions-v1, fabric-entity-events-v1, fabric-events-interaction-v0, fabric-game-rule-api-v1, fabric-gametest-api-v1, fabric-item-api-v1, fabric-key-mapping-api-v1, fabric-lifecycle-events-v1, fabric-loot-api-v3, fabric-menu-api-v1, fabric-message-api-v1, fabric-model-loading-api-v1, fabric-networking-api-v1, fabric-object-builder-api-v1, fabric-particles-v1, fabric-permission-api-v1, fabric-recipe-api-v1, fabric-registry-sync-v0, fabric-renderer-api-v1, fabric-renderer-indigo, fabric-rendering-fluids-v1, fabric-rendering-v1, fabric-resource-conditions-api-v1, fabric-resource-loader-v0, fabric-resource-loader-v1, fabric-screen-api-v1, fabric-serialization-api-v1, fabric-sound-api-v1, fabric-tag-api-v1, fabric-transfer-api-v1, fabric-transitive-access-wideners-v1, fabricloader
[22:12:32] [Worker-Main-2/WARN] (Minecraft) File entersift:sounds/ritual/song.ogg does not exist, cannot add it to event entersift:ritual.song
[22:12:32] [Worker-Main-2/WARN] (Minecraft) File entersift:sounds/music/sift_1.ogg does not exist, cannot add it to event entersift:music.sift
[22:12:32] [Worker-Main-2/WARN] (Minecraft) File entersift:sounds/music/sift_2.ogg does not exist, cannot add it to event entersift:music.sift
[22:12:32] [Worker-Main-2/WARN] (Minecraft) File entersift:sounds/ambient/sift_loop.ogg does not exist, cannot add it to event entersift:ambient.sift.loop
[22:12:32] [Worker-Main-2/WARN] (Minecraft) File entersift:sounds/ambient/sift_mood.ogg does not exist, cannot add it to event entersift:ambient.sift.mood
[22:12:32] [Worker-Main-2/WARN] (Minecraft) File entersift:sounds/ambient/sift_add_1.ogg does not exist, cannot add it to event entersift:ambient.sift.additions
[22:12:32] [Worker-Main-2/WARN] (Minecraft) File entersift:sounds/ambient/sift_add_2.ogg does not exist, cannot add it to event entersift:ambient.sift.additions
[22:12:32] [Worker-Main-2/WARN] (Minecraft) File entersift:sounds/ambient/sift_add_3.ogg does not exist, cannot add it to event entersift:ambient.sift.additions
[22:12:32] [Worker-Main-2/WARN] (Minecraft) File entersift:sounds/entity/blub/ambient1.ogg does not exist, cannot add it to event entersift:entity.blub.ambient
[22:12:32] [Worker-Main-2/WARN] (Minecraft) File entersift:sounds/entity/blub/ambient2.ogg does not exist, cannot add it to event entersift:entity.blub.ambient
[22:12:32] [Worker-Main-2/WARN] (Minecraft) File entersift:sounds/entity/blub/hurt1.ogg does not exist, cannot add it to event entersift:entity.blub.hurt
[22:12:32] [Worker-Main-2/WARN] (Minecraft) File entersift:sounds/entity/blub/hurt2.ogg does not exist, cannot add it to event entersift:entity.blub.hurt
[22:12:32] [Worker-Main-2/WARN] (Minecraft) File entersift:sounds/entity/blub/death.ogg does not exist, cannot add it to event entersift:entity.blub.death
[22:12:32] [Worker-Main-2/WARN] (Minecraft) File entersift:sounds/entity/sculker/ambient1.ogg does not exist, cannot add it to event entersift:entity.sculker.ambient
[22:12:32] [Worker-Main-2/WARN] (Minecraft) File entersift:sounds/entity/sculker/ambient2.ogg does not exist, cannot add it to event entersift:entity.sculker.ambient
[22:12:32] [Worker-Main-2/WARN] (Minecraft) File entersift:sounds/entity/sculker/hurt1.ogg does not exist, cannot add it to event entersift:entity.sculker.hurt
[22:12:32] [Worker-Main-2/WARN] (Minecraft) File entersift:sounds/entity/sculker/hurt2.ogg does not exist, cannot add it to event entersift:entity.sculker.hurt
[22:12:32] [Worker-Main-2/WARN] (Minecraft) File entersift:sounds/entity/sculker/death.ogg does not exist, cannot add it to event entersift:entity.sculker.death
[22:12:32] [Worker-Main-2/WARN] (Minecraft) File entersift:sounds/entity/sculkling/ambient1.ogg does not exist, cannot add it to event entersift:entity.sculkling.ambient
[22:12:32] [Worker-Main-2/WARN] (Minecraft) File entersift:sounds/entity/sculkling/ambient2.ogg does not exist, cannot add it to event entersift:entity.sculkling.ambient
[22:12:32] [Worker-Main-2/WARN] (Minecraft) File entersift:sounds/entity/sculkling/hurt1.ogg does not exist, cannot add it to event entersift:entity.sculkling.hurt
[22:12:32] [Worker-Main-2/WARN] (Minecraft) File entersift:sounds/entity/sculkling/hurt2.ogg does not exist, cannot add it to event entersift:entity.sculkling.hurt
[22:12:32] [Worker-Main-2/WARN] (Minecraft) File entersift:sounds/entity/sculkling/death.ogg does not exist, cannot add it to event entersift:entity.sculkling.death
[22:12:32] [Worker-Main-2/WARN] (Minecraft) File entersift:sounds/entity/antlerling/ambient1.ogg does not exist, cannot add it to event entersift:entity.antlerling.ambient
[22:12:32] [Worker-Main-2/WARN] (Minecraft) File entersift:sounds/entity/antlerling/ambient2.ogg does not exist, cannot add it to event entersift:entity.antlerling.ambient
[22:12:32] [Worker-Main-2/WARN] (Minecraft) File entersift:sounds/entity/antlerling/hurt1.ogg does not exist, cannot add it to event entersift:entity.antlerling.hurt
[22:12:32] [Worker-Main-2/WARN] (Minecraft) File entersift:sounds/entity/antlerling/hurt2.ogg does not exist, cannot add it to event entersift:entity.antlerling.hurt
[22:12:32] [Worker-Main-2/WARN] (Minecraft) File entersift:sounds/entity/antlerling/death.ogg does not exist, cannot add it to event entersift:entity.antlerling.death
[22:12:32] [Worker-Main-2/WARN] (Minecraft) File entersift:sounds/entity/drift_jelly/ambient1.ogg does not exist, cannot add it to event entersift:entity.drift_jelly.ambient
[22:12:32] [Worker-Main-2/WARN] (Minecraft) File entersift:sounds/entity/drift_jelly/ambient2.ogg does not exist, cannot add it to event entersift:entity.drift_jelly.ambient
[22:12:32] [Worker-Main-2/WARN] (Minecraft) File entersift:sounds/entity/drift_jelly/hurt1.ogg does not exist, cannot add it to event entersift:entity.drift_jelly.hurt
[22:12:32] [Worker-Main-2/WARN] (Minecraft) File entersift:sounds/entity/drift_jelly/hurt2.ogg does not exist, cannot add it to event entersift:entity.drift_jelly.hurt
[22:12:32] [Worker-Main-2/WARN] (Minecraft) File entersift:sounds/entity/drift_jelly/death.ogg does not exist, cannot add it to event entersift:entity.drift_jelly.death
[22:12:32] [Worker-Main-2/WARN] (Minecraft) File entersift:sounds/entity/licker/ambient1.ogg does not exist, cannot add it to event entersift:entity.licker.ambient
[22:12:32] [Worker-Main-2/WARN] (Minecraft) File entersift:sounds/entity/licker/ambient2.ogg does not exist, cannot add it to event entersift:entity.licker.ambient
[22:12:32] [Worker-Main-2/WARN] (Minecraft) File entersift:sounds/entity/licker/hurt1.ogg does not exist, cannot add it to event entersift:entity.licker.hurt
[22:12:32] [Worker-Main-2/WARN] (Minecraft) File entersift:sounds/entity/licker/hurt2.ogg does not exist, cannot add it to event entersift:entity.licker.hurt
[22:12:32] [Worker-Main-2/WARN] (Minecraft) File entersift:sounds/entity/licker/death.ogg does not exist, cannot add it to event entersift:entity.licker.death
[22:12:32] [Worker-Main-2/WARN] (Minecraft) File entersift:sounds/entity/overseer/ambient1.ogg does not exist, cannot add it to event entersift:entity.overseer.ambient
[22:12:32] [Worker-Main-2/WARN] (Minecraft) File entersift:sounds/entity/overseer/ambient2.ogg does not exist, cannot add it to event entersift:entity.overseer.ambient
[22:12:32] [Worker-Main-2/WARN] (Minecraft) File entersift:sounds/entity/overseer/hurt1.ogg does not exist, cannot add it to event entersift:entity.overseer.hurt
[22:12:32] [Worker-Main-2/WARN] (Minecraft) File entersift:sounds/entity/overseer/hurt2.ogg does not exist, cannot add it to event entersift:entity.overseer.hurt
[22:12:32] [Worker-Main-2/WARN] (Minecraft) File entersift:sounds/entity/overseer/death.ogg does not exist, cannot add it to event entersift:entity.overseer.death
[22:12:32] [Worker-Main-2/WARN] (Minecraft) File entersift:sounds/entity/twisted_warden/ambient1.ogg does not exist, cannot add it to event entersift:entity.twisted_warden.ambient
[22:12:32] [Worker-Main-2/WARN] (Minecraft) File entersift:sounds/entity/twisted_warden/ambient2.ogg does not exist, cannot add it to event entersift:entity.twisted_warden.ambient
[22:12:32] [Worker-Main-2/WARN] (Minecraft) File entersift:sounds/entity/twisted_warden/hurt1.ogg does not exist, cannot add it to event entersift:entity.twisted_warden.hurt
[22:12:32] [Worker-Main-2/WARN] (Minecraft) File entersift:sounds/entity/twisted_warden/hurt2.ogg does not exist, cannot add it to event entersift:entity.twisted_warden.hurt
[22:12:32] [Worker-Main-2/WARN] (Minecraft) File entersift:sounds/entity/twisted_warden/death.ogg does not exist, cannot add it to event entersift:entity.twisted_warden.death
[22:12:32] [Worker-Main-2/WARN] (Minecraft) File entersift:sounds/entity/note_bird/ambient1.ogg does not exist, cannot add it to event entersift:entity.note_bird.ambient
[22:12:32] [Worker-Main-2/WARN] (Minecraft) File entersift:sounds/entity/note_bird/ambient2.ogg does not exist, cannot add it to event entersift:entity.note_bird.ambient
[22:12:32] [Worker-Main-2/WARN] (Minecraft) File entersift:sounds/entity/note_bird/hurt1.ogg does not exist, cannot add it to event entersift:entity.note_bird.hurt
[22:12:32] [Worker-Main-2/WARN] (Minecraft) File entersift:sounds/entity/note_bird/hurt2.ogg does not exist, cannot add it to event entersift:entity.note_bird.hurt
[22:12:32] [Worker-Main-2/WARN] (Minecraft) File entersift:sounds/entity/note_bird/death.ogg does not exist, cannot add it to event entersift:entity.note_bird.death
[22:12:32] [Worker-Main-2/WARN] (Minecraft) File entersift:sounds/entity/singer/ambient1.ogg does not exist, cannot add it to event entersift:entity.singer.ambient
[22:12:32] [Worker-Main-2/WARN] (Minecraft) File entersift:sounds/entity/singer/ambient2.ogg does not exist, cannot add it to event entersift:entity.singer.ambient
[22:12:32] [Worker-Main-2/WARN] (Minecraft) File entersift:sounds/entity/singer/hurt1.ogg does not exist, cannot add it to event entersift:entity.singer.hurt
[22:12:32] [Worker-Main-2/WARN] (Minecraft) File entersift:sounds/entity/singer/hurt2.ogg does not exist, cannot add it to event entersift:entity.singer.hurt
[22:12:32] [Worker-Main-2/WARN] (Minecraft) File entersift:sounds/entity/singer/death.ogg does not exist, cannot add it to event entersift:entity.singer.death
[22:12:32] [Worker-Main-2/WARN] (Minecraft) File entersift:sounds/entity/soul_bee/ambient1.ogg does not exist, cannot add it to event entersift:entity.soul_bee.ambient
[22:12:32] [Worker-Main-2/WARN] (Minecraft) File entersift:sounds/entity/soul_bee/ambient2.ogg does not exist, cannot add it to event entersift:entity.soul_bee.ambient
[22:12:32] [Worker-Main-2/WARN] (Minecraft) File entersift:sounds/entity/soul_bee/hurt1.ogg does not exist, cannot add it to event entersift:entity.soul_bee.hurt
[22:12:32] [Worker-Main-2/WARN] (Minecraft) File entersift:sounds/entity/soul_bee/hurt2.ogg does not exist, cannot add it to event entersift:entity.soul_bee.hurt
[22:12:32] [Worker-Main-2/WARN] (Minecraft) File entersift:sounds/entity/soul_bee/death.ogg does not exist, cannot add it to event entersift:entity.soul_bee.death
[22:12:32] [Worker-Main-2/WARN] (Minecraft) File entersift:sounds/entity/watchling/ambient1.ogg does not exist, cannot add it to event entersift:entity.watchling.ambient
[22:12:32] [Worker-Main-2/WARN] (Minecraft) File entersift:sounds/entity/watchling/ambient2.ogg does not exist, cannot add it to event entersift:entity.watchling.ambient
[22:12:32] [Worker-Main-2/WARN] (Minecraft) File entersift:sounds/entity/watchling/hurt1.ogg does not exist, cannot add it to event entersift:entity.watchling.hurt
[22:12:32] [Worker-Main-2/WARN] (Minecraft) File entersift:sounds/entity/watchling/hurt2.ogg does not exist, cannot add it to event entersift:entity.watchling.hurt
[22:12:32] [Worker-Main-2/WARN] (Minecraft) File entersift:sounds/entity/watchling/death.ogg does not exist, cannot add it to event entersift:entity.watchling.death
[22:12:32] [Worker-Main-2/WARN] (Minecraft) File entersift:sounds/rift/hum.ogg does not exist, cannot add it to event entersift:rift.hum
[22:12:32] [Worker-Main-2/WARN] (Minecraft) File entersift:sounds/rift/growth.ogg does not exist, cannot add it to event entersift:rift.growth
[22:12:32] [Worker-Main-3/INFO] (Minecraft) Found unifont_all_no_pua-17.0.01.hex, loading
[22:12:32] [Worker-Main-2/INFO] (Minecraft) Found unifont_pua-17.0.01.hex, loading
[22:12:33] [Worker-Main-3/INFO] (Minecraft) Found unifont_jp_patch-17.0.01.hex, loading
ALSA lib confmisc.c:855:(parse_card) cannot find card '0'
ALSA lib conf.c:5208:(_snd_config_evaluate) function snd_func_card_inum returned error: No such file or directory
ALSA lib confmisc.c:422:(snd_func_concat) error evaluating strings
ALSA lib conf.c:5208:(_snd_config_evaluate) function snd_func_concat returned error: No such file or directory
ALSA lib confmisc.c:1342:(snd_func_refer) error evaluating name
ALSA lib conf.c:5208:(_snd_config_evaluate) function snd_func_refer returned error: No such file or directory
ALSA lib conf.c:5731:(snd_config_expand) Evaluate error: No such file or directory
ALSA lib pcm.c:2721:(snd_pcm_open_noupdate) Unknown PCM default
ALSA lib confmisc.c:855:(parse_card) cannot find card '0'
ALSA lib conf.c:5208:(_snd_config_evaluate) function snd_func_card_inum returned error: No such file or directory
ALSA lib confmisc.c:422:(snd_func_concat) error evaluating strings
ALSA lib conf.c:5208:(_snd_config_evaluate) function snd_func_concat returned error: No such file or directory
ALSA lib confmisc.c:1342:(snd_func_refer) error evaluating name
ALSA lib conf.c:5208:(_snd_config_evaluate) function snd_func_refer returned error: No such file or directory
ALSA lib conf.c:5731:(snd_config_expand) Evaluate error: No such file or directory
ALSA lib pcm.c:2721:(snd_pcm_open_noupdate) Unknown PCM default
[22:12:36] [Render thread/ERROR] (Minecraft) Error starting SoundSystem. Turning off sounds & music

java.lang.IllegalStateException: Failed to open OpenAL device
	at knot//com.mojang.blaze3d.audio.Library.openDeviceOrFallback(Library.java:274)
	at knot//com.mojang.blaze3d.audio.Library.init(Library.java:149)
	at knot//net.minecraft.client.sounds.SoundEngine.loadLibrary(SoundEngine.java:121)
	at knot//net.minecraft.client.sounds.SoundEngine.reload(SoundEngine.java:110)
	at knot//net.minecraft.client.sounds.SoundManager.apply(SoundManager.java:122)
	at knot//net.minecraft.client.sounds.SoundManager.apply(SoundManager.java:41)
	at knot//net.minecraft.server.packs.resources.SimplePreparableReloadListener.lambda$reload$1(SimplePreparableReloadListener.java:15)
	at java.base/java.util.concurrent.CompletableFuture$UniAccept.tryFire(CompletableFuture.java:739)
	at java.base/java.util.concurrent.CompletableFuture$Completion.run(CompletableFuture.java:503)
	at knot//net.minecraft.server.packs.resources.SimpleReloadInstance.lambda$prepareTasks$3(SimpleReloadInstance.java:59)
	at knot//net.minecraft.util.thread.BlockableEventLoop.doRunTask(BlockableEventLoop.java:173)
	at knot//net.minecraft.util.thread.ReentrantBlockableEventLoop.doRunTask(ReentrantBlockableEventLoop.java:23)
	at knot//net.minecraft.util.thread.BlockableEventLoop.pollTask(BlockableEventLoop.java:147)
	at knot//net.minecraft.util.thread.BlockableEventLoop.runAllTasks(BlockableEventLoop.java:127)
	at knot//net.minecraft.client.Minecraft.runTick(Minecraft.java:1240)
	at knot//net.minecraft.client.Minecraft.run(Minecraft.java:967)
	at knot//net.minecraft.client.main.Main.main(Main.java:292)
	at net.fabricmc.loader.impl.game.minecraft.MinecraftGameProvider.launch(MinecraftGameProvider.java:517)
	at net.fabricmc.loader.impl.launch.knot.Knot.launch(Knot.java:72)
	at net.fabricmc.loader.impl.launch.knot.KnotClient.main(KnotClient.java:23)
	at net.fabricmc.devlaunchinjector.Main.main(Main.java:86)
[22:12:36] [Render thread/INFO] (Minecraft) Created: 512x256x0 minecraft:textures/atlas/particles.png-atlas
[22:12:36] [Render thread/INFO] (Minecraft) Created: 256x128x0 minecraft:textures/atlas/celestials.png-atlas
[22:12:36] [Render thread/INFO] (Minecraft) Created: 128x128x0 minecraft:textures/atlas/decorated_pot.png-atlas
[22:12:36] [Render thread/INFO] (Minecraft) Created: 512x256x0 minecraft:textures/atlas/paintings.png-atlas
[22:12:36] [Render thread/INFO] (Minecraft) Created: 1024x512x0 minecraft:textures/atlas/shield_patterns.png-atlas
[22:12:36] [Render thread/INFO] (Minecraft) Created: 1024x512x0 minecraft:textures/atlas/banner_patterns.png-atlas
[22:12:36] [Render thread/INFO] (Minecraft) Created: 2048x2048x4 minecraft:textures/atlas/blocks.png-atlas
[22:12:36] [Render thread/INFO] (Minecraft) Created: 1024x512x0 minecraft:textures/atlas/items.png-atlas
[22:12:36] [Render thread/INFO] (Minecraft) Created: 1024x1024x0 minecraft:textures/atlas/gui.png-atlas
[22:12:36] [Render thread/INFO] (Minecraft) Created: 128x64x0 minecraft:textures/atlas/map_decorations.png-atlas
[22:12:36] [Render thread/INFO] (Minecraft) Created: 512x512x0 minecraft:textures/atlas/chest.png-atlas
[22:12:36] [Render thread/INFO] (Minecraft) Created: 512x512x0 minecraft:textures/atlas/shulker_boxes.png-atlas
[22:12:37] [Render thread/INFO] (Minecraft) Connecting to 127.0.0.1, 25565
[22:12:40] [Render thread/INFO] (Minecraft) [System] [CHAT] Enter the Sift • The city remembers eight notes. 1 → 3 → 7 → 6 → 5 → 2 → 4 → 8 on Sonorous Deepslate.
[22:12:40] [Render thread/INFO] (Minecraft) Loaded 2 advancements
[22:12:40] [Render thread/INFO] (Minecraft) [System] [CHAT] Your game mode has been updated to Creative Mode
[22:12:40] [Render thread/WARN] (Minecraft) Requested post effect does not exist: minecraft:end_of_frame
[22:12:41] [Render thread/INFO] (Minecraft) Resizing Dynamic Transforms UBO, capacity limit of 2 reached during a single frame. New capacity will be 4.
[22:12:42] [Render thread/INFO] (Minecraft) Resizing Dynamic Transforms UBO, capacity limit of 4 reached during a single frame. New capacity will be 8.
[22:12:42] [Render thread/INFO] (Minecraft) Resizing Dynamic Transforms UBO, capacity limit of 8 reached during a single frame. New capacity will be 16.
[22:12:43] [Render thread/INFO] (Minecraft) Resizing Chunk Sections Command Buffer, capacity limit of 2 reached during a single frame. New capacity will be 4.
[22:12:43] [Render thread/INFO] (Minecraft) Resizing Chunk Sections Instanced, capacity limit of 2 reached during a single frame. New capacity will be 4.
[22:12:43] [Render thread/WARN] (Minecraft) Failed to enable relative mouse mode: That operation is not supported
[22:12:44] [Render thread/INFO] (Minecraft) Resizing Chunk Sections Command Buffer, capacity limit of 4 reached during a single frame. New capacity will be 8.
[22:12:44] [Render thread/INFO] (Minecraft) Resizing Chunk Sections Instanced, capacity limit of 4 reached during a single frame. New capacity will be 8.
[22:12:44] [Render thread/INFO] (Minecraft) Resizing Chunk Sections Command Buffer, capacity limit of 8 reached during a single frame. New capacity will be 16.
[22:12:44] [Render thread/INFO] (Minecraft) Resizing Chunk Sections Instanced, capacity limit of 8 reached during a single frame. New capacity will be 16.
[22:12:44] [Render thread/INFO] (Minecraft) Resizing Chunk Sections Command Buffer, capacity limit of 16 reached during a single frame. New capacity will be 32.
[22:12:44] [Render thread/INFO] (Minecraft) Resizing Chunk Sections Instanced, capacity limit of 16 reached during a single frame. New capacity will be 32.
[22:12:45] [Render thread/INFO] (Minecraft) Resizing Chunk Sections Command Buffer, capacity limit of 32 reached during a single frame. New capacity will be 64.
[22:12:45] [Render thread/INFO] (Minecraft) Resizing Chunk Sections Instanced, capacity limit of 32 reached during a single frame. New capacity will be 64.
[22:12:45] [Render thread/INFO] (Minecraft) Resizing Chunk Sections Command Buffer, capacity limit of 64 reached during a single frame. New capacity will be 128.
[22:12:45] [Render thread/INFO] (Minecraft) Resizing Chunk Sections Instanced, capacity limit of 64 reached during a single frame. New capacity will be 128.
[22:13:00] [Render thread/WARN] (entersift) Rift scene copy unavailable; using transparent membrane until reconnect

java.lang.IllegalStateException: Close the existing render pass before performing additional commands
	at knot//com.mojang.renderpearl.frontend.FrontendCommandEncoder.copyTextureToTexture(FrontendCommandEncoder.java:448)
	at knot//com.mojang.blaze3d.pipeline.RenderTarget.copyColorFrom(RenderTarget.java:86)
	at knot//dev.logan.entersift.client.RiftScene.capture(RiftScene.java:66)
	at knot//dev.logan.entersift.client.RiftScene.lambda$register$0(RiftScene.java:29)
	at knot//net.fabricmc.fabric.api.client.rendering.v1.level.LevelRenderEvents.lambda$static$3(LevelRenderEvents.java:60)
	at knot//net.minecraft.client.renderer.LevelRenderer.wrapOperation$bcj000$fabric-rendering-v1$wrapRenderOpaqueTerrain(LevelRenderer.java:1891)
	at knot//net.minecraft.client.renderer.LevelRenderer.executeSolid(LevelRenderer.java:516)
	at knot//net.minecraft.client.renderer.LevelRenderer.lambda$addMainPass$0(LevelRenderer.java:457)
	at knot//com.mojang.blaze3d.framegraph.FrameGraphBuilder.execute(FrameGraphBuilder.java:67)
	at knot//net.minecraft.client.renderer.LevelRenderer.render(LevelRenderer.java:287)
	at knot//net.minecraft.client.renderer.GameRenderer.renderLevel(GameRenderer.java:693)
	at knot//net.minecraft.client.renderer.GameRenderer.render(GameRenderer.java:496)
	at knot//net.minecraft.client.Minecraft.renderFrame(Minecraft.java:1376)
	at knot//net.minecraft.client.Minecraft.runTick(Minecraft.java:1274)
	at knot//net.minecraft.client.Minecraft.run(Minecraft.java:967)
	at knot//net.minecraft.client.main.Main.main(Main.java:292)
	at net.fabricmc.loader.impl.game.minecraft.MinecraftGameProvider.launch(MinecraftGameProvider.java:517)
	at net.fabricmc.loader.impl.launch.knot.Knot.launch(Knot.java:72)
	at net.fabricmc.loader.impl.launch.knot.KnotClient.main(KnotClient.java:23)
	at net.fabricmc.devlaunchinjector.Main.main(Main.java:86)
[22:13:00] [Render thread/INFO] (Minecraft) [System] [CHAT] Saved screenshot as 2026-10-05_22.13.00.png
[22:13:01] [Render thread/INFO] (entersift) [Sift] capture saved: rift_summon_bolt
[22:13:01] [Render thread/INFO] (Minecraft) [System] [CHAT] Saved screenshot as 2026-10-05_22.13.01.png
[22:13:02] [Render thread/INFO] (entersift) [Sift] capture saved: rift_summon_flash
[22:13:02] [Render thread/INFO] (Minecraft) [System] [CHAT] Saved screenshot as 2026-10-05_22.13.02.png
[22:13:03] [Render thread/INFO] (entersift) [Sift] capture saved: rift_summon_ring
[22:13:15] [Render thread/INFO] (Minecraft) [System] [CHAT] Saved screenshot as 2026-10-05_22.13.15.png
[22:13:16] [Render thread/INFO] (entersift) [Sift] capture saved: rift_first_person
[22:13:20] [Render thread/INFO] (Minecraft) [System] [CHAT] Saved screenshot as 2026-10-05_22.13.20.png
[22:13:21] [Render thread/INFO] (entersift) [Sift] capture saved: rift_side_angle
[22:13:25] [Render thread/INFO] (Minecraft) [System] [CHAT] Saved screenshot as 2026-10-05_22.13.25.png
[22:13:26] [Render thread/INFO] (entersift) [Sift] capture saved: rift_oblique_low
[22:13:31] [Render thread/INFO] (Minecraft) [System] [CHAT] Saved screenshot as 2026-10-05_22.13.30.png
[22:13:31] [Render thread/INFO] (entersift) [Sift] capture saved: rift_close_up
[22:13:31] [Render thread/INFO] (Minecraft) [System] [CHAT] Your game mode has been updated to Spectator Mode
[22:13:35] [Render thread/INFO] (Minecraft) [System] [CHAT] Saved screenshot as 2026-10-05_22.13.35.png
[22:13:36] [Render thread/INFO] (entersift) [Sift] capture saved: rift_membrane_near
[22:13:39] [Render thread/INFO] (Minecraft) [System] [CHAT] Saved screenshot as 2026-10-05_22.13.39.png
[22:13:40] [Render thread/INFO] (entersift) [Sift] capture saved: rift_back_dissolve
[22:13:40] [Render thread/INFO] (Minecraft) [System] [CHAT] Your game mode has been updated to Creative Mode
[22:13:47] [Render thread/INFO] (Minecraft) [System] [CHAT] Saved screenshot as 2026-10-05_22.13.47.png
[22:13:48] [Render thread/INFO] (entersift) [Sift] capture saved: rift_night_front
[22:13:54] [Render thread/INFO] (Minecraft) [System] [CHAT] Saved screenshot as 2026-10-05_22.13.54.png
[22:13:55] [Render thread/INFO] (entersift) [Sift] capture saved: rift_morning_beam
[22:14:01] [Render thread/INFO] (Minecraft) [System] [CHAT] Saved screenshot as 2026-10-05_22.14.01.png
[22:14:02] [Render thread/INFO] (entersift) [Sift] capture saved: rift_evening
[22:14:02] [Render thread/INFO] (Minecraft) [System] [CHAT] Your game mode has been updated to Spectator Mode
[22:14:09] [Render thread/INFO] (Minecraft) [System] [CHAT] Saved screenshot as 2026-10-05_22.14.08.png
[22:14:09] [Render thread/INFO] (entersift) [Sift] capture saved: rift_against_ground
[22:14:09] [Render thread/INFO] (Minecraft) [System] [CHAT] Your game mode has been updated to Creative Mode
[22:14:10] [Render thread/INFO] (Minecraft) [System] [CHAT] CaptureBot has reached the goal [Beyond the Threshold]
[22:14:10] [Render thread/INFO] (Minecraft) Loaded 8 advancements
[22:14:10] [Render thread/INFO] (entersift) [Sift] lava-lamp sky radius 460 blocks
[22:14:11] [Render thread/WARN] (Minecraft) Failed to enable relative mouse mode: That operation is not supported
[22:14:21] [Render thread/INFO] (Minecraft) [System] [CHAT] Saved screenshot as 2026-10-05_22.14.20.png
[22:14:21] [Render thread/INFO] (entersift) [Sift] capture saved: sift_sky_quilt
