Fetching distribution.
Downloading https://services.gradle.org/distributions/gradle-9.7.1-bin.zip
..............10%..............20%...............30%..............40%...............50%..............60%...............70%..............80%..............90%...............100%

Welcome to Gradle 9.7.1!

Here are the highlights of this release:
 - Isolated Projects graduates to incubating
 - Broader Configuration Cache compatibility
 - Resilient Sync helps you fix broken builds
 - More source locations in problem reports

For more details see https://docs.gradle.org/9.7.1/release-notes.html

To honour the JVM settings for this build a single-use Daemon process will be forked. For more on this, please refer to https://docs.gradle.org/9.7.1/userguide/gradle_daemon.html#sec:disabling_the_daemon in the Gradle documentation.
Daemon will be stopped at the end of the build 

> Configure project :
Fabric Loom: 1.18.2

> Task :compileJava
Note: Some input files use or override a deprecated API.
Note: Recompile with -Xlint:deprecation for details.

> Task :bundleShaders
> Task :processResources
> Task :classes
> Task :generateLog4jConfig
> Task :generateDLIConfig
> Task :configureLaunch

> Task :runServer
[21:36:29] [main/INFO] (FabricLoader/GameProvider) Loading Minecraft 26.3 with Fabric Loader 0.19.5
[21:36:29] [main/INFO] (FabricLoader/Mappings) Mappings not present!
[21:36:29] [main/INFO] (FabricLoader) Loading 44 mods:
	- entersift 0.37.0-alpha
	- fabric-advancement-api-v1 1.0.0+38c7a2d55d
	- fabric-api 0.161.0+26.3
	- fabric-api-base 2.0.6+fcdff87f5d
	- fabric-api-lookup-api-v1 2.0.24+3434d6d95d
	- fabric-biome-api-v1 20.0.9+74ed1ea55d
	- fabric-block-api-v1 3.1.0+0ae6f9115d
	- fabric-block-getter-api-v2 2.0.9+3434d6d95d
	- fabric-command-api-v2 3.1.2+fcdff87f5d
	- fabric-content-registries-v0 15.0.4+74ed1ea55d
	- fabric-convention-tags-v2 4.10.3+6b5b47fd5d
	- fabric-crash-report-info-v1 1.0.7+fcdff87f5d
	- fabric-creative-tab-api-v1 5.0.21+fcdff87f5d
	- fabric-data-attachment-api-v1 2.2.30+3434d6d95d
	- fabric-data-generation-api-v1 27.2.4+427eab975d
	- fabric-debug-api-v1 1.0.4+3434d6d95d
	- fabric-dimensions-v1 5.1.19+47f74c985d
	- fabric-entity-events-v1 6.0.4+3434d6d95d
	- fabric-events-interaction-v0 5.3.6+3434d6d95d
	- fabric-game-rule-api-v1 4.0.10+3434d6d95d
	- fabric-gametest-api-v1 4.0.32+3434d6d95d
	- fabric-item-api-v1 14.7.0+cf6bc2db5d
	- fabric-lifecycle-events-v1 4.1.9+ffef5f675d
	- fabric-loot-api-v3 4.0.8+4068fd645d
	- fabric-menu-api-v1 2.0.27+ed66f0a35d
	- fabric-message-api-v1 7.0.10+3434d6d95d
	- fabric-networking-api-v1 6.3.8+fcdff87f5d
	- fabric-object-builder-api-v1 24.1.9+3434d6d95d
	- fabric-particles-v1 5.0.24+3434d6d95d
	- fabric-permission-api-v1 1.0.8+fcdff87f5d
	- fabric-recipe-api-v1 10.0.8+fcdff87f5d
	- fabric-registry-sync-v0 8.0.1+fcdff87f5d
	- fabric-rendering-fluids-v1 6.0.6+3434d6d95d
	- fabric-resource-conditions-api-v1 6.1.5+3434d6d95d
	- fabric-resource-loader-v0 3.3.26+4fc5413f5d
	- fabric-resource-loader-v1 3.0.4+fcdff87f5d
	- fabric-serialization-api-v1 2.0.7+74ed1ea55d
	- fabric-tag-api-v1 2.1.10+fcdff87f5d
	- fabric-transfer-api-v1 8.0.25+fcdff87f5d
	- fabric-transitive-access-wideners-v1 8.1.16+52268a0e5d
	- fabricloader 0.19.5
	- java 25
	- minecraft 26.3
	- mixinextras 0.5.5
[21:36:29] [main/INFO] (FabricLoader/Mixin) SpongePowered MIXIN Subsystem Version=0.8.7 Source=file:/home/runner/.gradle/caches/modules-2/files-2.1/net.fabricmc/sponge-mixin/0.17.4+mixin.0.8.7/5f66cc9f59b8efaa942155a3d5a30599bf6640dd/sponge-mixin-0.17.4+mixin.0.8.7.jar Service=Knot/Fabric Env=SERVER
[21:36:30] [main/INFO] (FabricLoader/MixinExtras|Service) Initializing MixinExtras via com.llamalad7.mixinextras.service.MixinExtrasServiceImpl(version=0.5.5).
[21:36:33] [main/INFO] (entersift) Enter the Sift: eight notes, one threshold.
[21:36:34] [main/INFO] (Minecraft) Environment: Environment[discoveryUrl=https://discovery.minecraftservices.com/minecraft/client, name=PROD]
[21:36:35] [Worker-Main-3/INFO] (Minecraft) No existing world data, creating new world
[21:36:35] [Worker-Main-3/ERROR] (Minecraft) No key layers in MapLike[{}]
[21:36:35] [Worker-Main-1/INFO] (Minecraft) Loaded 1875 advancements
[21:36:36] [main/INFO] (BiomeModificationImpl) Applied 46 biome modifications to 19 of 80 new biomes in 5.598 ms
[21:36:36] [Server thread/INFO] (Minecraft) Starting minecraft server version 26.3
[21:36:36] [Server thread/INFO] (Minecraft) Loading properties
[21:36:36] [Server thread/INFO] (Minecraft) Default game type: SURVIVAL
[21:36:36] [Server thread/INFO] (Minecraft) Generating keypair
[21:36:36] [Server thread/INFO] (Minecraft) Starting Minecraft server on *:25565
[21:36:36] [Server thread/WARN] (Minecraft) **** SERVER IS RUNNING IN OFFLINE/INSECURE MODE!
[21:36:36] [Server thread/WARN] (Minecraft) The server will make no attempt to authenticate usernames. Beware.
[21:36:36] [Server thread/WARN] (Minecraft) While this makes the game possible to play without internet access, it also opens up the ability for hackers to connect with any username they choose.
[21:36:36] [Server thread/WARN] (Minecraft) To change this, set "online-mode" to "true" in the server.properties file.
[21:36:36] [Server thread/INFO] (Minecraft) Preparing level "world"
[21:36:36] [Server thread/INFO] (Minecraft) Selecting global world spawn...
[21:36:36] [Server thread/INFO] (Minecraft) Loading 0 persistent chunks...
[21:36:36] [Server thread/INFO] (Minecraft) Preparing spawn area: 100%
[21:36:36] [Server thread/INFO] (Minecraft) Time elapsed: 292 ms
[21:36:36] [Server thread/INFO] (Minecraft) Done (0.394s)! For help, type "help"
[21:36:36] [Server thread/INFO] (Minecraft) Starting remote control listener
[21:36:36] [Server thread/INFO] (Minecraft) Thread RCON Listener started
[21:36:36] [Server thread/INFO] (Minecraft) RCON running on 0.0.0.0:25575
[21:36:36] [Server thread/INFO] (Minecraft) Saving chunks for level 'ServerLevel[world]'/minecraft:overworld
[21:36:36] [Server thread/INFO] (Minecraft) Saving chunks for level 'ServerLevel[world]'/entersift:rift_tunnel
[21:36:36] [Server thread/INFO] (Minecraft) Saving chunks for level 'ServerLevel[world]'/minecraft:the_end
[21:36:36] [Server thread/INFO] (Minecraft) Saving chunks for level 'ServerLevel[world]'/minecraft:the_nether
[21:36:36] [Server thread/INFO] (Minecraft) Saving chunks for level 'ServerLevel[world]'/entersift:the_sift
[21:36:38] [RCON Listener #1/INFO] (Minecraft) Thread RCON Client /127.0.0.1 started
[21:36:39] [Server thread/WARN] (Minecraft) Can't keep up! Is the server overloaded? Running 2776ms or 55 ticks behind
[21:52:00] [Server thread/INFO] (Minecraft) CaptureBot[/127.0.0.1:50014] logged in with entity id 21 at (10.5, -60.0, 5.5)
[21:52:00] [Server thread/INFO] (Minecraft) System chat: CaptureBot joined the game
[21:52:00] [Server thread/INFO] (Minecraft) System chat: [Rcon: Set CaptureBot's game mode to Creative Mode]
[21:52:00] [Server thread/INFO] (Minecraft) System chat: [Rcon: Set the weather to clear]
[21:52:20] [Server thread/INFO] (Minecraft) System chat: [Rcon: Set minecraft:overworld to time marker minecraft:noon]
[21:52:20] [Server thread/INFO] (Minecraft) System chat: [Rcon: Teleported CaptureBot to 0.500000, -53.500000, 13.500000]
[21:52:21] [Server thread/INFO] (Minecraft) System chat: [Rcon: Summoned new Rift]
[21:52:32] [Server thread/INFO] (Minecraft) System chat: [Rcon: Teleported CaptureBot to 0.500000, -53.500000, 13.500000]
[21:52:37] [Server thread/INFO] (Minecraft) System chat: [Rcon: Teleported CaptureBot to 12.500000, -53.000000, 0.500000]
[21:52:42] [Server thread/INFO] (Minecraft) System chat: [Rcon: Teleported CaptureBot to 8.000000, -54.600000, 8.000000]
[21:52:47] [Server thread/INFO] (Minecraft) System chat: [Rcon: Teleported CaptureBot to 0.500000, -53.000000, 10.500000]
[21:52:52] [Server thread/INFO] (Minecraft) System chat: [Rcon: Set CaptureBot's game mode to Spectator Mode]
[21:52:53] [Server thread/INFO] (Minecraft) System chat: [Rcon: Teleported CaptureBot to 0.500000, -54.200000, 6.000000]
[21:52:57] [Server thread/INFO] (Minecraft) System chat: [Rcon: Teleported CaptureBot to 3.000000, -53.000000, -12.500000]
[21:53:01] [Server thread/INFO] (Minecraft) System chat: [Rcon: Set CaptureBot's game mode to Creative Mode]
[21:53:01] [Server thread/INFO] (Minecraft) System chat: [Rcon: Teleported CaptureBot to 0.500000, -53.500000, 13.500000]
[21:53:01] [Server thread/INFO] (Minecraft) System chat: [Rcon: Set minecraft:overworld to time marker minecraft:midnight]
[21:53:04] [Server thread/INFO] (Minecraft) System chat: [Rcon: Teleported CaptureBot to 0.500000, -53.500000, 13.500000]
[21:53:09] [Server thread/INFO] (Minecraft) System chat: [Rcon: Set minecraft:overworld to 23400 tick(s)]
[21:53:11] [Server thread/INFO] (Minecraft) System chat: [Rcon: Teleported CaptureBot to 0.500000, -53.500000, 13.500000]
[21:53:16] [Server thread/INFO] (Minecraft) System chat: [Rcon: Set minecraft:overworld to 11800 tick(s)]
[21:53:18] [Server thread/INFO] (Minecraft) System chat: [Rcon: Teleported CaptureBot to 0.500000, -53.500000, 13.500000]
[21:53:23] [Server thread/INFO] (Minecraft) System chat: [Rcon: Set minecraft:overworld to time marker minecraft:noon]
[21:53:23] [Server thread/INFO] (Minecraft) System chat: [Rcon: Set CaptureBot's game mode to Spectator Mode]
[21:53:25] [Server thread/INFO] (Minecraft) System chat: [Rcon: Teleported CaptureBot to 0.500000, -48.500000, 9.500000]
[21:53:30] [Server thread/INFO] (Minecraft) System chat: [Rcon: Set CaptureBot's game mode to Creative Mode]
[21:53:30] [Server thread/INFO] (Minecraft) System chat: CaptureBot has reached the goal [Beyond the Threshold]
[21:53:30] [Server thread/INFO] (Minecraft) System chat: [Rcon: Teleported CaptureBot to 0.500000, 120.000000, 0.500000]
[21:53:42] [RCON Client /127.0.0.1 #2/INFO] (Minecraft) Thread RCON Client /127.0.0.1 shutting down
